<html>
<body>
<pre>
<h1>礦ision Build Log</h1>
<h2>Tool Versions:</h2>
IDE-Version: μVision V5.15
Copyright (C) 2015 ARM Ltd and ARM Germany GmbH. All rights reserved.
License Information:  ,  , LIC=D0DX7-EC0IY-XUP41-CGNI4-MI3FI-80551
 
Tool Versions:
Toolchain:       MDK-ARM Standard  Version: 5.15.0
Toolchain Path:  d:\Keil_v515\ARM\ARMCC\Bin
C Compiler:      Armcc.exe V5.05 update 2 (build 169)
Assembler:       Armasm.exe V5.05 update 2 (build 169)
Linker/Locator:  ArmLink.exe V5.05 update 2 (build 169)
Library Manager: ArmAr.exe V5.05 update 2 (build 169)
Hex Converter:   FromElf.exe V5.05 update 2 (build 169)
CPU DLL:         SARMCM3.DLL V5.15.0
Dialog DLL:      DCM.DLL V1.13.2.0
Target DLL:      Segger\JL2CM3.dll V2.99.15.0
Dialog DLL:      TCM.DLL V1.14.5.0
 
<h2>Project:</h2>
F:\01_水肥\水肥开发\水肥网关 无线失灵\Project\Induction Heater.uvprojx
Project File Date:  06/22/2019

<h2>Output:</h2>
*** Using Compiler 'V5.05 update 2 (build 169)', folder: 'd:\Keil_v515\ARM\ARMCC\Bin'
Rebuild target 'Gateway'
assembling startup_stm32f10x_hd.s...
compiling misc.c...
compiling stm32f10x_adc.c...
compiling stm32f10x_dac.c...
compiling stm32f10x_exti.c...
compiling stm32f10x_flash.c...
compiling stm32f10x_gpio.c...
compiling stm32f10x_rcc.c...
compiling stm32f10x_tim.c...
compiling stm32f10x_usart.c...
compiling stm32f10x_dma.c...
compiling stm32f10x_iwdg.c...
compiling stm32f10x_wwdg.c...
compiling SST25VF016B.c...
compiling stm32f10x_spi.c...
compiling core_cm3.c...
compiling system_stm32f10x.c...
compiling main.c...
compiling stm32f10x_it.c...
compiling Stm32_Configuration.c...
compiling systemclock.c...
compiling HandleTask.c...
..\User\HandleTask.c(9409): warning:  #1-D: last line of file ends without a newline
  }
..\User\HandleTask.c(194): warning:  #177-D: variable "ReportData1" was declared but never referenced
  static u8  ReportData1[128];
..\User\HandleTask.c(692): warning:  #550-D: variable "RxReport1_step_flg" was set but never used
  static u8 RxReport1_step_flg = 0;//RxReport1_step_flg!=0??示?盏降??????汛???
..\User\HandleTask.c(697): warning:  #177-D: variable "RxReport2_len" was declared but never referenced
  static u8 RxReport2_len = 0;
..\User\HandleTask.c(699): warning:  #177-D: variable "RxReport4_len" was declared but never referenced
  static u8 RxReport4_len = 0;
..\User\HandleTask.c: 5 warnings, 0 errors
compiling DataFlash.c...
compiling MAX44009.c...
compiling SI7021.c...
compiling si4463.c...
compiling password_MD5.c...
compiling MQTTConnectClient.c...
compiling MQTTConnectServer.c...
compiling MQTTDeserializePublish.c...
compiling MQTTFormat.c...
..\MQTT\MQTTFormat.c(122): warning:  #550-D: variable "strindex" was set but never used
        int strindex = 0;
..\MQTT\MQTTFormat.c(200): warning:  #550-D: variable "rc" was set but never used
                int rc;
..\MQTT\MQTTFormat.c(190): warning:  #550-D: variable "strindex" was set but never used
        int strindex = 0;
..\MQTT\MQTTFormat.c: 3 warnings, 0 errors
compiling MQTTPacket.c...
compiling MQTTSerializePublish.c...
compiling MQTTSubscribeClient.c...
compiling MQTTSubscribeServer.c...
compiling MQTTUnsubscribeClient.c...
compiling MQTTUnsubscribeServer.c...
linking...
Program Size: Code=87740 RO-data=1292 RW-data=1616 ZI-data=20180  
FromELF: creating hex file...
"..\Output\Induction Heater.axf" - 0 Error(s), 8 Warning(s).

<h2>Collection of Component include folders:</h2>
  F:\01_水肥\水肥开发\水肥网关 无线失灵\Project\RTE
  d:\Keil_v515\ARM\PACK\Keil\STM32F1xx_DFP\1.1.0\Device\Include

<h2>Collection of Component Files used:</h2>
</pre>
</body>
</html>
