Component: ARM Compiler 5.05 update 2 (build 169) Tool: armlink [4d0f33]

==============================================================================

Section Cross References

    startup_stm32f10x_hd.o(RESET) refers to startup_stm32f10x_hd.o(STACK) for __initial_sp
    startup_stm32f10x_hd.o(RESET) refers to startup_stm32f10x_hd.o(.text) for Reset_Handler
    startup_stm32f10x_hd.o(RESET) refers to stm32f10x_it.o(.text) for NMI_Handler
    startup_stm32f10x_hd.o(.text) refers to system_stm32f10x.o(.text) for SystemInit
    startup_stm32f10x_hd.o(.text) refers to entry.o(.ARM.Collect$$$$00000000) for __main
    stm32f10x_adc.o(.text) refers to stm32f10x_rcc.o(.text) for RCC_APB2PeriphResetCmd
    stm32f10x_dac.o(.text) refers to stm32f10x_rcc.o(.text) for RCC_APB1PeriphResetCmd
    stm32f10x_gpio.o(.text) refers to stm32f10x_rcc.o(.text) for RCC_APB2PeriphResetCmd
    stm32f10x_rcc.o(.text) refers to stm32f10x_rcc.o(.data) for APBAHBPrescTable
    stm32f10x_tim.o(.text) refers to stm32f10x_rcc.o(.text) for RCC_APB2PeriphResetCmd
    stm32f10x_usart.o(.text) refers to stm32f10x_rcc.o(.text) for RCC_APB2PeriphResetCmd
    stm32f10x_wwdg.o(.text) refers to stm32f10x_rcc.o(.text) for RCC_APB1PeriphResetCmd
    sst25vf016b.o(.text) refers to stm32f10x_gpio.o(.text) for GPIO_Init
    stm32f10x_spi.o(.text) refers to stm32f10x_rcc.o(.text) for RCC_APB2PeriphResetCmd
    system_stm32f10x.o(.text) refers to system_stm32f10x.o(.data) for SystemCoreClock
    main.o(.text) refers to stm32_configuration.o(.text) for SYS_Confgiuration
    main.o(.text) refers to systemclock.o(.text) for SysClock
    main.o(.text) refers to main.o(.data) for softspi
    stm32f10x_it.o(.text) refers to stm32f10x_exti.o(.text) for EXTI_ClearITPendingBit
    stm32f10x_it.o(.text) refers to systemclock.o(.text) for Stop_timerEx
    stm32f10x_it.o(.text) refers to si4463.o(.text) for SI4463_INT_STATUS
    stm32f10x_it.o(.text) refers to stm32f10x_usart.o(.text) for USART_GetITStatus
    stm32f10x_it.o(.text) refers to stm32f10x_dma.o(.text) for DMA_GetITStatus
    stm32f10x_it.o(.text) refers to memcpya.o(.text) for __aeabi_memcpy
    stm32f10x_it.o(.text) refers to stm32f10x_gpio.o(.text) for GPIO_ResetBits
    stm32f10x_it.o(.text) refers to handletask.o(NO_INIT) for TIM2_FrequencyPC0
    stm32f10x_it.o(.text) refers to handletask.o(.data) for freq_I
    stm32f10x_it.o(.text) refers to stm32f10x_it.o(.data) for rain_last_times
    stm32f10x_it.o(.text) refers to stm32f10x_it.o(.bss) for Int_BUFF
    stm32f10x_it.o(.text) refers to handletask.o(.bss) for ReceiveData1
    stm32f10x_it.o(.text) refers to stm32f10x_tim.o(.text) for TIM_GetITStatus
    stm32f10x_it.o(.text) refers to fertigation.o(.data) for SF_Lvbo641
    stm32_configuration.o(.text) refers to stm32f10x_rcc.o(.text) for RCC_DeInit
    stm32_configuration.o(.text) refers to stm32f10x_flash.o(.text) for FLASH_SetLatency
    stm32_configuration.o(.text) refers to stm32f10x_gpio.o(.text) for GPIO_PinRemapConfig
    stm32_configuration.o(.text) refers to stm32_configuration.o(.data) for HSEStartUpStatus
    stm32_configuration.o(.text) refers to stm32f10x_exti.o(.text) for EXTI_ClearITPendingBit
    stm32_configuration.o(.text) refers to misc.o(.text) for NVIC_PriorityGroupConfig
    stm32_configuration.o(.text) refers to stm32f10x_dma.o(.text) for DMA_DeInit
    stm32_configuration.o(.text) refers to stm32f10x_adc.o(.text) for ADC_Init
    stm32_configuration.o(.text) refers to stm32f10x_usart.o(.text) for USART_Init
    stm32_configuration.o(.text) refers to stm32f10x_iwdg.o(.text) for IWDG_WriteAccessCmd
    stm32_configuration.o(.text) refers to stm32f10x_spi.o(.text) for SPI_Cmd
    stm32_configuration.o(.text) refers to si4463.o(.text) for Delayms
    stm32_configuration.o(.text) refers to handletask.o(.data) for factory_gateway_set
    stm32_configuration.o(.text) refers to stm32f10x_it.o(.bss) for USART1SendTCB
    stm32_configuration.o(.text) refers to stm32f10x_tim.o(.text) for TIM_DeInit
    stm32_configuration.o(.text) refers to dataflash.o(.text) for Flash_Read
    stm32_configuration.o(.text) refers to systemclock.o(.text) for TimerInit
    systemclock.o(.text) refers to handletask.o(.text) for Period_Events_Handle
    systemclock.o(.text) refers to malloc.o(i.free) for free
    systemclock.o(.text) refers to malloc.o(i.malloc) for malloc
    systemclock.o(.text) refers to systemclock.o(.data) for Events
    handletask.o(.text) refers to fmul.o(.text) for __aeabi_fmul
    handletask.o(.text) refers to ffixui.o(.text) for __aeabi_f2uiz
    handletask.o(.text) refers to handletask.o(.data) for gc_CRCHigh
    handletask.o(.text) refers to handletask.o(.constdata) for crc_hi
    handletask.o(.text) refers to handletask.o(NO_INIT) for wgcollector_data_buff
    handletask.o(.text) refers to fertigation.o(.bss) for SF_Flow_Total
    handletask.o(.text) refers to fertigation.o(.data) for SF_Flow_Total_I
    handletask.o(.text) refers to memcpya.o(.text) for __aeabi_memcpy
[...]
    ZZ_Wired_flag                            0x2000e5a2   Data          65  handletask.o(NO_INIT)
    ZZ_Wireles_flag                          0x2000e5e3   Data          65  handletask.o(NO_INIT)
    crtl_cmd_num                             0x2000e624   Data         128  handletask.o(NO_INIT)
    crtl_cmd_numWX                           0x2000e6a4   Data         128  handletask.o(NO_INIT)
    init_cmd_numYX                           0x2000e724   Data          64  handletask.o(NO_INIT)
    init_cmd_numWX                           0x2000e764   Data          64  handletask.o(NO_INIT)
    online_slaveID                           0x2000e7a4   Data          64  handletask.o(NO_INIT)
    online_slaveID_WX                        0x2000e7e4   Data          64  handletask.o(NO_INIT)
    ZZ_temp_stateYX                          0x2000e824   Data           1  handletask.o(NO_INIT)
    ZZ_temp_stateWX                          0x2000e825   Data           1  handletask.o(NO_INIT)

    Global Symbols

    Symbol Name                              Value     Ov Type        Size  Object(Section)

    BuildAttributes$$THM_ISAv4$P$D$K$B$S$PE$A:L22UL41UL21$X:L11$S22US41US21$IEEE1$IW$USESV6$~STKCKD$USESV7$~SHL$OTIME$ROPI$IEEEX$EBA8$MICROLIB$REQ8$PRES8$EABIv2 0x00000000   Number         0  anon$$obj.o ABSOLUTE
    __ARM_use_no_argv                        0x00000000   Number         0  main.o ABSOLUTE
    _printf_a                                0x00000000   Number         0  stubs.o ABSOLUTE
    _printf_c                                0x00000000   Number         0  stubs.o ABSOLUTE
    _printf_charcount                        0x00000000   Number         0  stubs.o ABSOLUTE
    _printf_d                                0x00000000   Number         0  stubs.o ABSOLUTE
    _printf_e                                0x00000000   Number         0  stubs.o ABSOLUTE
    _printf_f                                0x00000000   Number         0  stubs.o ABSOLUTE
    _printf_flags                            0x00000000   Number         0  stubs.o ABSOLUTE
    _printf_fp_dec                           0x00000000   Number         0  stubs.o ABSOLUTE
    _printf_fp_hex                           0x00000000   Number         0  stubs.o ABSOLUTE
    _printf_g                                0x00000000   Number         0  stubs.o ABSOLUTE
    _printf_i                                0x00000000   Number         0  stubs.o ABSOLUTE
    _printf_int_dec                          0x00000000   Number         0  stubs.o ABSOLUTE
    _printf_l                                0x00000000   Number         0  stubs.o ABSOLUTE
    _printf_lc                               0x00000000   Number         0  stubs.o ABSOLUTE
    _printf_ll                               0x00000000   Number         0  stubs.o ABSOLUTE
    _printf_lld                              0x00000000   Number         0  stubs.o ABSOLUTE
    _printf_lli                              0x00000000   Number         0  stubs.o ABSOLUTE
    _printf_llo                              0x00000000   Number         0  stubs.o ABSOLUTE
    _printf_llu                              0x00000000   Number         0  stubs.o ABSOLUTE
    _printf_llx                              0x00000000   Number         0  stubs.o ABSOLUTE
    _printf_longlong_dec                     0x00000000   Number         0  stubs.o ABSOLUTE
    _printf_longlong_hex                     0x00000000   Number         0  stubs.o ABSOLUTE
    _printf_longlong_oct                     0x00000000   Number         0  stubs.o ABSOLUTE
    _printf_ls                               0x00000000   Number         0  stubs.o ABSOLUTE
    _printf_mbtowc                           0x00000000   Number         0  stubs.o ABSOLUTE
    _printf_n                                0x00000000   Number         0  stubs.o ABSOLUTE
    _printf_o                                0x00000000   Number         0  stubs.o ABSOLUTE
    _printf_p                                0x00000000   Number         0  stubs.o ABSOLUTE
    _printf_percent                          0x00000000   Number         0  stubs.o ABSOLUTE
    _printf_pre_padding                      0x00000000   Number         0  stubs.o ABSOLUTE
    _printf_return_value                     0x00000000   Number         0  stubs.o ABSOLUTE
    _printf_s                                0x00000000   Number         0  stubs.o ABSOLUTE
    _printf_sizespec                         0x00000000   Number         0  stubs.o ABSOLUTE
    _printf_str                              0x00000000   Number         0  stubs.o ABSOLUTE
    _printf_truncate_signed                  0x00000000   Number         0  stubs.o ABSOLUTE
    _printf_truncate_unsigned                0x00000000   Number         0  stubs.o ABSOLUTE
    _printf_u                                0x00000000   Number         0  stubs.o ABSOLUTE
    _printf_wc                               0x00000000   Number         0  stubs.o ABSOLUTE
    _printf_wctomb                           0x00000000   Number         0  stubs.o ABSOLUTE
    _printf_widthprec                        0x00000000   Number         0  stubs.o ABSOLUTE
    _printf_x                                0x00000000   Number         0  stubs.o ABSOLUTE
    __cpp_initialize__aeabi_                  - Undefined Weak Reference
    __cxa_finalize                            - Undefined Weak Reference
    _clock_init                               - Undefined Weak Reference
    _microlib_exit                            - Undefined Weak Reference
    __Vectors_Size                           0x00000130   Number         0  startup_stm32f10x_hd.o ABSOLUTE
    __Vectors                                0x08000000   Data           4  startup_stm32f10x_hd.o(RESET)
    __Vectors_End                            0x08000130   Data           0  startup_stm32f10x_hd.o(RESET)
    __main                                   0x08000131   Thumb Code     0  entry.o(.ARM.Collect$$$$00000000)
    _main_stk                                0x08000131   Thumb Code     0  entry2.o(.ARM.Collect$$$$00000001)
    _main_scatterload                        0x08000135   Thumb Code     0  entry5.o(.ARM.Collect$$$$00000004)
    __main_after_scatterload                 0x08000139   Thumb Code     0  entry5.o(.ARM.Collect$$$$00000004)
    _main_clock                              0x08000139   Thumb Code     0  entry7b.o(.ARM.Collect$$$$00000008)
    _main_cpp_init                           0x08000139   Thumb Code     0  entry8b.o(.ARM.Collect$$$$0000000A)
    _main_init                               0x08000139   Thumb Code     0  entry9a.o(.ARM.Collect$$$$0000000B)
    __rt_final_cpp                           0x08000141   Thumb Code     0  entry10a.o(.ARM.Collect$$$$0000000D)
    __rt_final_exit                          0x08000141   Thumb Code     0  entry11a.o(.ARM.Collect$$$$0000000F)
    Reset_Handler                            0x08000145   Thumb Code     8  startup_stm32f10x_hd.o(.text)
    ADC1_2_IRQHandler                        0x0800015f   Thumb Code     0  startup_stm32f10x_hd.o(.text)
    ADC3_IRQHandler                          0x0800015f   Thumb Code     0  startup_stm32f10x_hd.o(.text)
    CAN1_RX1_IRQHandler                      0x0800015f   Thumb Code     0  startup_stm32f10x_hd.o(.text)
    CAN1_SCE_IRQHandler                      0x0800015f   Thumb Code     0  startup_stm32f10x_hd.o(.text)
    DMA1_Channel1_IRQHandler                 0x0800015f   Thumb Code     0  startup_stm32f10x_hd.o(.text)
    DMA1_Channel3_IRQHandler                 0x0800015f   Thumb Code     0  startup_stm32f10x_hd.o(.text)
    DMA1_Channel5_IRQHandler                 0x0800015f   Thumb Code     0  startup_stm32f10x_hd.o(.text)
    DMA1_Channel6_IRQHandler                 0x0800015f   Thumb Code     0  startup_stm32f10x_hd.o(.text)
    DMA2_Channel1_IRQHandler                 0x0800015f   Thumb Code     0  startup_stm32f10x_hd.o(.text)
    DMA2_Channel2_IRQHandler                 0x0800015f   Thumb Code     0  startup_stm32f10x_hd.o(.text)
    DMA2_Channel3_IRQHandler                 0x0800015f   Thumb Code     0  startup_stm32f10x_hd.o(.text)
    EXTI2_IRQHandler                         0x0800015f   Thumb Code     0  startup_stm32f10x_hd.o(.text)
    EXTI3_IRQHandler                         0x0800015f   Thumb Code     0  startup_stm32f10x_hd.o(.text)
    FLASH_IRQHandler                         0x0800015f   Thumb Code     0  startup_stm32f10x_hd.o(.text)
    FSMC_IRQHandler                          0x0800015f   Thumb Code     0  startup_stm32f10x_hd.o(.text)
    I2C1_ER_IRQHandler                       0x0800015f   Thumb Code     0  startup_stm32f10x_hd.o(.text)
    I2C1_EV_IRQHandler                       0x0800015f   Thumb Code     0  startup_stm32f10x_hd.o(.text)
    I2C2_ER_IRQHandler                       0x0800015f   Thumb Code     0  startup_stm32f10x_hd.o(.text)
    I2C2_EV_IRQHandler                       0x0800015f   Thumb Code     0  startup_stm32f10x_hd.o(.text)
    PVD_IRQHandler                           0x0800015f   Thumb Code     0  startup_stm32f10x_hd.o(.text)
    RCC_IRQHandler                           0x0800015f   Thumb Code     0  startup_stm32f10x_hd.o(.text)
    RTCAlarm_IRQHandler                      0x0800015f   Thumb Code     0  startup_stm32f10x_hd.o(.text)
    RTC_IRQHandler                           0x0800015f   Thumb Code     0  startup_stm32f10x_hd.o(.text)
    SDIO_IRQHandler                          0x0800015f   Thumb Code     0  startup_stm32f10x_hd.o(.text)
    SPI1_IRQHandler                          0x0800015f   Thumb Code     0  startup_stm32f10x_hd.o(.text)
    SPI2_IRQHandler                          0x0800015f   Thumb Code     0  startup_stm32f10x_hd.o(.text)
    SPI3_IRQHandler                          0x0800015f   Thumb Code     0  startup_stm32f10x_hd.o(.text)
    TAMPER_IRQHandler                        0x0800015f   Thumb Code     0  startup_stm32f10x_hd.o(.text)
    TIM1_BRK_IRQHandler                      0x0800015f   Thumb Code     0  startup_stm32f10x_hd.o(.text)
    TIM1_CC_IRQHandler                       0x0800015f   Thumb Code     0  startup_stm32f10x_hd.o(.text)
    TIM1_TRG_COM_IRQHandler                  0x0800015f   Thumb Code     0  startup_stm32f10x_hd.o(.text)
    TIM1_UP_IRQHandler                       0x0800015f   Thumb Code     0  startup_stm32f10x_hd.o(.text)
    TIM3_IRQHandler                          0x0800015f   Thumb Code     0  startup_stm32f10x_hd.o(.text)
    TIM4_IRQHandler                          0x0800015f   Thumb Code     0  startup_stm32f10x_hd.o(.text)
    TIM6_IRQHandler                          0x0800015f   Thumb Code     0  startup_stm32f10x_hd.o(.text)
    TIM7_IRQHandler                          0x0800015f   Thumb Code     0  startup_stm32f10x_hd.o(.text)
    TIM8_BRK_IRQHandler                      0x0800015f   Thumb Code     0  startup_stm32f10x_hd.o(.text)
    TIM8_CC_IRQHandler                       0x0800015f   Thumb Code     0  startup_stm32f10x_hd.o(.text)
    TIM8_TRG_COM_IRQHandler                  0x0800015f   Thumb Code     0  startup_stm32f10x_hd.o(.text)
    TIM8_UP_IRQHandler                       0x0800015f   Thumb Code     0  startup_stm32f10x_hd.o(.text)
    USBWakeUp_IRQHandler                     0x0800015f   Thumb Code     0  startup_stm32f10x_hd.o(.text)
    USB_HP_CAN1_TX_IRQHandler                0x0800015f   Thumb Code     0  startup_stm32f10x_hd.o(.text)
    USB_LP_CAN1_RX0_IRQHandler               0x0800015f   Thumb Code     0  startup_stm32f10x_hd.o(.text)
    WWDG_IRQHandler                          0x0800015f   Thumb Code     0  startup_stm32f10x_hd.o(.text)
    NVIC_PriorityGroupConfig                 0x08000169   Thumb Code    10  misc.o(.text)
    NVIC_Init                                0x08000173   Thumb Code   100  misc.o(.text)
    NVIC_SetVectorTable                      0x080001d7   Thumb Code    14  misc.o(.text)
    NVIC_SystemLPConfig                      0x080001e5   Thumb Code    34  misc.o(.text)
    SysTick_CLKSourceConfig                  0x08000207   Thumb Code    40  misc.o(.text)
    ADC_DeInit                               0x08000245   Thumb Code    78  stm32f10x_adc.o(.text)
    ADC_Init                                 0x08000293   Thumb Code    70  stm32f10x_adc.o(.text)
    ADC_StructInit                           0x080002d9   Thumb Code    18  stm32f10x_adc.o(.text)
    ADC_Cmd                                  0x080002eb   Thumb Code    22  stm32f10x_adc.o(.text)
    ADC_DMACmd                               0x08000301   Thumb Code    22  stm32f10x_adc.o(.text)
    ADC_ITConfig                             0x08000317   Thumb Code    24  stm32f10x_adc.o(.text)
    ADC_ResetCalibration                     0x0800032f   Thumb Code    10  stm32f10x_adc.o(.text)
    ADC_GetResetCalibrationStatus            0x08000339   Thumb Code    20  stm32f10x_adc.o(.text)
    ADC_StartCalibration                     0x0800034d   Thumb Code    10  stm32f10x_adc.o(.text)
    ADC_GetCalibrationStatus                 0x08000357   Thumb Code    20  stm32f10x_adc.o(.text)
    ADC_SoftwareStartConvCmd                 0x0800036b   Thumb Code    22  stm32f10x_adc.o(.text)
    ADC_GetSoftwareStartConvStatus           0x08000381   Thumb Code    20  stm32f10x_adc.o(.text)
    ADC_DiscModeChannelCountConfig           0x08000395   Thumb Code    24  stm32f10x_adc.o(.text)
    ADC_DiscModeCmd                          0x080003ad   Thumb Code    22  stm32f10x_adc.o(.text)
    ADC_RegularChannelConfig                 0x080003c3   Thumb Code   184  stm32f10x_adc.o(.text)
    ADC_ExternalTrigConvCmd                  0x0800047b   Thumb Code    22  stm32f10x_adc.o(.text)
    ADC_GetConversionValue                   0x08000491   Thumb Code     8  stm32f10x_adc.o(.text)
    ADC_GetDualModeConversionValue           0x08000499   Thumb Code     8  stm32f10x_adc.o(.text)
    ADC_AutoInjectedConvCmd                  0x080004a1   Thumb Code    22  stm32f10x_adc.o(.text)
    ADC_InjectedDiscModeCmd                  0x080004b7   Thumb Code    22  stm32f10x_adc.o(.text)
    ADC_ExternalTrigInjectedConvConfig       0x080004cd   Thumb Code    16  stm32f10x_adc.o(.text)
    ADC_ExternalTrigInjectedConvCmd          0x080004dd   Thumb Code    22  stm32f10x_adc.o(.text)
    ADC_SoftwareStartInjectedConvCmd         0x080004f3   Thumb Code    22  stm32f10x_adc.o(.text)
    ADC_GetSoftwareStartInjectedConvCmdStatus 0x08000509   Thumb Code    20  stm32f10x_adc.o(.text)
    ADC_InjectedChannelConfig                0x0800051d   Thumb Code   130  stm32f10x_adc.o(.text)
    ADC_InjectedSequencerLengthConfig        0x0800059f   Thumb Code    24  stm32f10x_adc.o(.text)
    ADC_SetInjectedOffset                    0x080005b7   Thumb Code    20  stm32f10x_adc.o(.text)
    ADC_GetInjectedConversionValue           0x080005cb   Thumb Code    28  stm32f10x_adc.o(.text)
    ADC_AnalogWatchdogCmd                    0x080005e7   Thumb Code    16  stm32f10x_adc.o(.text)
    ADC_AnalogWatchdogThresholdsConfig       0x080005f7   Thumb Code     6  stm32f10x_adc.o(.text)
    ADC_AnalogWatchdogSingleChannelConfig    0x080005fd   Thumb Code    16  stm32f10x_adc.o(.text)
    ADC_TempSensorVrefintCmd                 0x0800060d   Thumb Code    64  stm32f10x_adc.o(.text)
    ADC_GetFlagStatus                        0x0800064d   Thumb Code    18  stm32f10x_adc.o(.text)
    ADC_ClearFlag                            0x0800065f   Thumb Code     6  stm32f10x_adc.o(.text)
    ADC_GetITStatus                          0x08000665   Thumb Code    36  stm32f10x_adc.o(.text)
    ADC_ClearITPendingBit                    0x08000689   Thumb Code    10  stm32f10x_adc.o(.text)
    EXTI_DeInit                              0x08000695   Thumb Code    28  stm32f10x_exti.o(.text)
    EXTI_Init                                0x080006b1   Thumb Code   142  stm32f10x_exti.o(.text)
    EXTI_StructInit                          0x0800073f   Thumb Code    16  stm32f10x_exti.o(.text)
    EXTI_GenerateSWInterrupt                 0x0800074f   Thumb Code    16  stm32f10x_exti.o(.text)
    EXTI_GetFlagStatus                       0x0800075f   Thumb Code    22  stm32f10x_exti.o(.text)
    EXTI_ClearFlag                           0x08000775   Thumb Code     8  stm32f10x_exti.o(.text)
    EXTI_GetITStatus                         0x0800077d   Thumb Code    34  stm32f10x_exti.o(.text)
    EXTI_ClearITPendingBit                   0x0800079f   Thumb Code     8  stm32f10x_exti.o(.text)
    FLASH_SetLatency                         0x080007b1   Thumb Code    18  stm32f10x_flash.o(.text)
    FLASH_HalfCycleAccessCmd                 0x080007c3   Thumb Code    22  stm32f10x_flash.o(.text)
    FLASH_PrefetchBufferCmd                  0x080007d9   Thumb Code    22  stm32f10x_flash.o(.text)
    FLASH_Unlock                             0x080007ef   Thumb Code    12  stm32f10x_flash.o(.text)
    FLASH_UnlockBank1                        0x080007fb   Thumb Code    12  stm32f10x_flash.o(.text)
    FLASH_Lock                               0x08000807   Thumb Code    14  stm32f10x_flash.o(.text)
    FLASH_LockBank1                          0x08000815   Thumb Code    14  stm32f10x_flash.o(.text)
    FLASH_GetBank1Status                     0x08000823   Thumb Code    48  stm32f10x_flash.o(.text)
    FLASH_WaitForLastOperation               0x08000853   Thumb Code    38  stm32f10x_flash.o(.text)
    FLASH_ErasePage                          0x08000879   Thumb Code    72  stm32f10x_flash.o(.text)
    FLASH_EraseAllPages                      0x080008c1   Thumb Code    68  stm32f10x_flash.o(.text)
    FLASH_WaitForLastBank1Operation          0x08000905   Thumb Code    38  stm32f10x_flash.o(.text)
    FLASH_EraseAllBank1Pages                 0x0800092b   Thumb Code    68  stm32f10x_flash.o(.text)
    FLASH_GetReadOutProtectionStatus         0x0800096f   Thumb Code    20  stm32f10x_flash.o(.text)
    FLASH_EraseOptionBytes                   0x08000983   Thumb Code   150  stm32f10x_flash.o(.text)
    FLASH_ProgramWord                        0x08000a19   Thumb Code   102  stm32f10x_flash.o(.text)
    FLASH_ProgramHalfWord                    0x08000a7f   Thumb Code    60  stm32f10x_flash.o(.text)
    FLASH_ProgramOptionByteData              0x08000abb   Thumb Code    72  stm32f10x_flash.o(.text)
    FLASH_EnableWriteProtection              0x08000b03   Thumb Code   200  stm32f10x_flash.o(.text)
    FLASH_ReadOutProtection                  0x08000bcb   Thumb Code   156  stm32f10x_flash.o(.text)
    FLASH_UserOptionByteConfig               0x08000c67   Thumb Code    88  stm32f10x_flash.o(.text)
    FLASH_GetUserOptionByte                  0x08000cbf   Thumb Code     8  stm32f10x_flash.o(.text)
    FLASH_GetWriteProtectionOptionByte       0x08000cc7   Thumb Code     6  stm32f10x_flash.o(.text)
    FLASH_GetPrefetchBufferStatus            0x08000ccd   Thumb Code    20  stm32f10x_flash.o(.text)
    FLASH_ITConfig                           0x08000ce1   Thumb Code    26  stm32f10x_flash.o(.text)
    FLASH_GetFlagStatus                      0x08000cfb   Thumb Code    42  stm32f10x_flash.o(.text)
    FLASH_ClearFlag                          0x08000d25   Thumb Code     6  stm32f10x_flash.o(.text)
    FLASH_GetStatus                          0x08000d2b   Thumb Code    48  stm32f10x_flash.o(.text)
    GPIO_DeInit                              0x08000d6d   Thumb Code   172  stm32f10x_gpio.o(.text)
    GPIO_AFIODeInit                          0x08000e19   Thumb Code    20  stm32f10x_gpio.o(.text)
    GPIO_Init                                0x08000e2d   Thumb Code   278  stm32f10x_gpio.o(.text)
    GPIO_StructInit                          0x08000f43   Thumb Code    16  stm32f10x_gpio.o(.text)
    GPIO_ReadInputDataBit                    0x08000f53   Thumb Code    18  stm32f10x_gpio.o(.text)
    GPIO_ReadInputData                       0x08000f65   Thumb Code     8  stm32f10x_gpio.o(.text)
    GPIO_ReadOutputDataBit                   0x08000f6d   Thumb Code    18  stm32f10x_gpio.o(.text)
    GPIO_ReadOutputData                      0x08000f7f   Thumb Code     8  stm32f10x_gpio.o(.text)
    GPIO_SetBits                             0x08000f87   Thumb Code     4  stm32f10x_gpio.o(.text)
    GPIO_ResetBits                           0x08000f8b   Thumb Code     4  stm32f10x_gpio.o(.text)
    GPIO_WriteBit                            0x08000f8f   Thumb Code    10  stm32f10x_gpio.o(.text)
    GPIO_Write                               0x08000f99   Thumb Code     4  stm32f10x_gpio.o(.text)
    GPIO_PinLockConfig                       0x08000f9d   Thumb Code    18  stm32f10x_gpio.o(.text)
    GPIO_EventOutputConfig                   0x08000faf   Thumb Code    26  stm32f10x_gpio.o(.text)
    GPIO_EventOutputCmd                      0x08000fc9   Thumb Code     6  stm32f10x_gpio.o(.text)
    GPIO_PinRemapConfig                      0x08000fcf   Thumb Code   138  stm32f10x_gpio.o(.text)
    GPIO_EXTILineConfig                      0x08001059   Thumb Code    66  stm32f10x_gpio.o(.text)
    GPIO_ETH_MediaInterfaceConfig            0x0800109b   Thumb Code     8  stm32f10x_gpio.o(.text)
    RCC_DeInit                               0x080010c9   Thumb Code    64  stm32f10x_rcc.o(.text)
    RCC_HSEConfig                            0x08001109   Thumb Code    70  stm32f10x_rcc.o(.text)
    RCC_GetFlagStatus                        0x0800114f   Thumb Code    56  stm32f10x_rcc.o(.text)
    RCC_WaitForHSEStartUp                    0x08001187   Thumb Code    56  stm32f10x_rcc.o(.text)
    RCC_AdjustHSICalibrationValue            0x080011bf   Thumb Code    20  stm32f10x_rcc.o(.text)
    RCC_HSICmd                               0x080011d3   Thumb Code     6  stm32f10x_rcc.o(.text)
    RCC_PLLConfig                            0x080011d9   Thumb Code    24  stm32f10x_rcc.o(.text)
    RCC_PLLCmd                               0x080011f1   Thumb Code     6  stm32f10x_rcc.o(.text)
    RCC_SYSCLKConfig                         0x080011f7   Thumb Code    18  stm32f10x_rcc.o(.text)
    RCC_GetSYSCLKSource                      0x08001209   Thumb Code    10  stm32f10x_rcc.o(.text)
    RCC_HCLKConfig                           0x08001213   Thumb Code    18  stm32f10x_rcc.o(.text)
    RCC_PCLK1Config                          0x08001225   Thumb Code    18  stm32f10x_rcc.o(.text)
    RCC_PCLK2Config                          0x08001237   Thumb Code    20  stm32f10x_rcc.o(.text)
    RCC_ITConfig                             0x0800124b   Thumb Code    26  stm32f10x_rcc.o(.text)
    RCC_USBCLKConfig                         0x08001265   Thumb Code     8  stm32f10x_rcc.o(.text)
    RCC_ADCCLKConfig                         0x0800126d   Thumb Code    18  stm32f10x_rcc.o(.text)
    RCC_LSEConfig                            0x0800127f   Thumb Code    50  stm32f10x_rcc.o(.text)
    RCC_LSICmd                               0x080012b1   Thumb Code     6  stm32f10x_rcc.o(.text)
    RCC_RTCCLKConfig                         0x080012b7   Thumb Code    12  stm32f10x_rcc.o(.text)
    RCC_RTCCLKCmd                            0x080012c3   Thumb Code     8  stm32f10x_rcc.o(.text)
    RCC_GetClocksFreq                        0x080012cb   Thumb Code   192  stm32f10x_rcc.o(.text)
    RCC_AHBPeriphClockCmd                    0x0800138b   Thumb Code    26  stm32f10x_rcc.o(.text)
    RCC_APB2PeriphClockCmd                   0x080013a5   Thumb Code    26  stm32f10x_rcc.o(.text)
    RCC_APB1PeriphClockCmd                   0x080013bf   Thumb Code    26  stm32f10x_rcc.o(.text)
    RCC_APB2PeriphResetCmd                   0x080013d9   Thumb Code    26  stm32f10x_rcc.o(.text)
    RCC_APB1PeriphResetCmd                   0x080013f3   Thumb Code    26  stm32f10x_rcc.o(.text)
    RCC_BackupResetCmd                       0x0800140d   Thumb Code     8  stm32f10x_rcc.o(.text)
    RCC_ClockSecuritySystemCmd               0x08001415   Thumb Code     6  stm32f10x_rcc.o(.text)
    RCC_MCOConfig                            0x0800141b   Thumb Code     6  stm32f10x_rcc.o(.text)
    RCC_ClearFlag                            0x08001421   Thumb Code    14  stm32f10x_rcc.o(.text)
    RCC_GetITStatus                          0x0800142f   Thumb Code    20  stm32f10x_rcc.o(.text)
    RCC_ClearITPendingBit                    0x08001443   Thumb Code     6  stm32f10x_rcc.o(.text)
    TIM_DeInit                               0x0800146d   Thumb Code   424  stm32f10x_tim.o(.text)
    TIM_TimeBaseInit                         0x08001615   Thumb Code   122  stm32f10x_tim.o(.text)
    TIM_OC1Init                              0x0800168f   Thumb Code   132  stm32f10x_tim.o(.text)
    TIM_OC2Init                              0x08001713   Thumb Code   154  stm32f10x_tim.o(.text)
    TIM_OC3Init                              0x080017ad   Thumb Code   150  stm32f10x_tim.o(.text)
    TIM_OC4Init                              0x08001843   Thumb Code   182  stm32f10x_tim.o(.text)
    TIM_SetIC4Prescaler                      0x080018f9   Thumb Code    26  stm32f10x_tim.o(.text)
    TIM_SetIC3Prescaler                      0x08001995   Thumb Code    18  stm32f10x_tim.o(.text)
    TIM_SetIC2Prescaler                      0x08001a21   Thumb Code    26  stm32f10x_tim.o(.text)
    TIM_SetIC1Prescaler                      0x08001abd   Thumb Code    18  stm32f10x_tim.o(.text)
    TIM_ICInit                               0x08001b3b   Thumb Code   150  stm32f10x_tim.o(.text)
    TIM_PWMIConfig                           0x08001bd1   Thumb Code   124  stm32f10x_tim.o(.text)
    TIM_BDTRConfig                           0x08001c4d   Thumb Code    32  stm32f10x_tim.o(.text)
    TIM_TimeBaseStructInit                   0x08001c6d   Thumb Code    18  stm32f10x_tim.o(.text)
    TIM_OCStructInit                         0x08001c7f   Thumb Code    20  stm32f10x_tim.o(.text)
    TIM_ICStructInit                         0x08001c93   Thumb Code    18  stm32f10x_tim.o(.text)
    TIM_BDTRStructInit                       0x08001ca5   Thumb Code    40  stm32f10x_tim.o(.text)
    TIM_Cmd                                  0x08001ccd   Thumb Code    24  stm32f10x_tim.o(.text)
    TIM_CtrlPWMOutputs                       0x08001ce5   Thumb Code    30  stm32f10x_tim.o(.text)
    TIM_ITConfig                             0x08001d03   Thumb Code    18  stm32f10x_tim.o(.text)
    TIM_GenerateEvent                        0x08001d15   Thumb Code     4  stm32f10x_tim.o(.text)
    TIM_DMAConfig                            0x08001d19   Thumb Code    10  stm32f10x_tim.o(.text)
    TIM_DMACmd                               0x08001d23   Thumb Code    18  stm32f10x_tim.o(.text)
    TIM_InternalClockConfig                  0x08001d35   Thumb Code    12  stm32f10x_tim.o(.text)
    TIM_SelectInputTrigger                   0x08001d41   Thumb Code    18  stm32f10x_tim.o(.text)
    TIM_ITRxExternalClockConfig              0x08001d53   Thumb Code    24  stm32f10x_tim.o(.text)
    TIM_TIxExternalClockConfig               0x08001d6b   Thumb Code    62  stm32f10x_tim.o(.text)
    TIM_ETRConfig                            0x08001da9   Thumb Code    28  stm32f10x_tim.o(.text)
    TIM_ETRClockMode1Config                  0x08001dc5   Thumb Code    54  stm32f10x_tim.o(.text)
    TIM_ETRClockMode2Config                  0x08001dfb   Thumb Code    32  stm32f10x_tim.o(.text)
    TIM_PrescalerConfig                      0x08001e1b   Thumb Code     6  stm32f10x_tim.o(.text)
    TIM_CounterModeConfig                    0x08001e21   Thumb Code    18  stm32f10x_tim.o(.text)
    TIM_EncoderInterfaceConfig               0x08001e33   Thumb Code    66  stm32f10x_tim.o(.text)
    TIM_ForcedOC1Config                      0x08001e75   Thumb Code    18  stm32f10x_tim.o(.text)
    TIM_ForcedOC2Config                      0x08001e87   Thumb Code    26  stm32f10x_tim.o(.text)
    TIM_ForcedOC3Config                      0x08001ea1   Thumb Code    18  stm32f10x_tim.o(.text)
    TIM_ForcedOC4Config                      0x08001eb3   Thumb Code    26  stm32f10x_tim.o(.text)
    TIM_ARRPreloadConfig                     0x08001ecd   Thumb Code    24  stm32f10x_tim.o(.text)
    TIM_SelectCOM                            0x08001ee5   Thumb Code    24  stm32f10x_tim.o(.text)
    TIM_SelectCCDMA                          0x08001efd   Thumb Code    24  stm32f10x_tim.o(.text)
    TIM_CCPreloadControl                     0x08001f15   Thumb Code    24  stm32f10x_tim.o(.text)
    TIM_OC1PreloadConfig                     0x08001f2d   Thumb Code    18  stm32f10x_tim.o(.text)
    TIM_OC2PreloadConfig                     0x08001f3f   Thumb Code    26  stm32f10x_tim.o(.text)
    TIM_OC3PreloadConfig                     0x08001f59   Thumb Code    18  stm32f10x_tim.o(.text)
    TIM_OC4PreloadConfig                     0x08001f6b   Thumb Code    26  stm32f10x_tim.o(.text)
    TIM_OC1FastConfig                        0x08001f85   Thumb Code    18  stm32f10x_tim.o(.text)
    TIM_OC2FastConfig                        0x08001f97   Thumb Code    26  stm32f10x_tim.o(.text)
    TIM_OC3FastConfig                        0x08001fb1   Thumb Code    18  stm32f10x_tim.o(.text)
    TIM_OC4FastConfig                        0x08001fc3   Thumb Code    26  stm32f10x_tim.o(.text)
    TIM_ClearOC1Ref                          0x08001fdd   Thumb Code    18  stm32f10x_tim.o(.text)
    TIM_ClearOC2Ref                          0x08001fef   Thumb Code    24  stm32f10x_tim.o(.text)
    TIM_ClearOC3Ref                          0x08002007   Thumb Code    18  stm32f10x_tim.o(.text)
    TIM_ClearOC4Ref                          0x08002019   Thumb Code    24  stm32f10x_tim.o(.text)
    TIM_OC1PolarityConfig                    0x08002031   Thumb Code    18  stm32f10x_tim.o(.text)
    TIM_OC1NPolarityConfig                   0x08002043   Thumb Code    18  stm32f10x_tim.o(.text)
    TIM_OC2PolarityConfig                    0x08002055   Thumb Code    26  stm32f10x_tim.o(.text)
    TIM_OC2NPolarityConfig                   0x0800206f   Thumb Code    26  stm32f10x_tim.o(.text)
    TIM_OC3PolarityConfig                    0x08002089   Thumb Code    26  stm32f10x_tim.o(.text)
    TIM_OC3NPolarityConfig                   0x080020a3   Thumb Code    26  stm32f10x_tim.o(.text)
    TIM_OC4PolarityConfig                    0x080020bd   Thumb Code    26  stm32f10x_tim.o(.text)
    TIM_CCxCmd                               0x080020d7   Thumb Code    30  stm32f10x_tim.o(.text)
    TIM_CCxNCmd                              0x080020f5   Thumb Code    30  stm32f10x_tim.o(.text)
    TIM_SelectOCxM                           0x08002113   Thumb Code    82  stm32f10x_tim.o(.text)
    TIM_UpdateDisableConfig                  0x08002165   Thumb Code    24  stm32f10x_tim.o(.text)
    TIM_UpdateRequestConfig                  0x0800217d   Thumb Code    24  stm32f10x_tim.o(.text)
    TIM_SelectHallSensor                     0x08002195   Thumb Code    24  stm32f10x_tim.o(.text)
    TIM_SelectOnePulseMode                   0x080021ad   Thumb Code    18  stm32f10x_tim.o(.text)
    TIM_SelectOutputTrigger                  0x080021bf   Thumb Code    18  stm32f10x_tim.o(.text)
    TIM_SelectSlaveMode                      0x080021d1   Thumb Code    18  stm32f10x_tim.o(.text)
    TIM_SelectMasterSlaveMode                0x080021e3   Thumb Code    18  stm32f10x_tim.o(.text)
    TIM_SetCounter                           0x080021f5   Thumb Code     4  stm32f10x_tim.o(.text)
    TIM_SetAutoreload                        0x080021f9   Thumb Code     4  stm32f10x_tim.o(.text)
    TIM_SetCompare1                          0x080021fd   Thumb Code     4  stm32f10x_tim.o(.text)
    TIM_SetCompare2                          0x08002201   Thumb Code     4  stm32f10x_tim.o(.text)
    TIM_SetCompare3                          0x08002205   Thumb Code     4  stm32f10x_tim.o(.text)
    TIM_SetCompare4                          0x08002209   Thumb Code     6  stm32f10x_tim.o(.text)
    TIM_SetClockDivision                     0x0800220f   Thumb Code    18  stm32f10x_tim.o(.text)
    TIM_GetCapture1                          0x08002221   Thumb Code     6  stm32f10x_tim.o(.text)
    TIM_GetCapture2                          0x08002227   Thumb Code     6  stm32f10x_tim.o(.text)
    TIM_GetCapture3                          0x0800222d   Thumb Code     6  stm32f10x_tim.o(.text)
    TIM_GetCapture4                          0x08002233   Thumb Code     8  stm32f10x_tim.o(.text)
    TIM_GetCounter                           0x0800223b   Thumb Code     6  stm32f10x_tim.o(.text)
    TIM_GetPrescaler                         0x08002241   Thumb Code     6  stm32f10x_tim.o(.text)
    TIM_GetFlagStatus                        0x08002247   Thumb Code    18  stm32f10x_tim.o(.text)
    TIM_ClearFlag                            0x08002259   Thumb Code     6  stm32f10x_tim.o(.text)
    TIM_GetITStatus                          0x0800225f   Thumb Code    34  stm32f10x_tim.o(.text)
    TIM_ClearITPendingBit                    0x08002281   Thumb Code     6  stm32f10x_tim.o(.text)
    USART_DeInit                             0x08002289   Thumb Code   134  stm32f10x_usart.o(.text)
    USART_Init                               0x0800230f   Thumb Code   210  stm32f10x_usart.o(.text)
    USART_StructInit                         0x080023e1   Thumb Code    24  stm32f10x_usart.o(.text)
    USART_ClockInit                          0x080023f9   Thumb Code    34  stm32f10x_usart.o(.text)
    USART_ClockStructInit                    0x0800241b   Thumb Code    12  stm32f10x_usart.o(.text)
    USART_Cmd                                0x08002427   Thumb Code    24  stm32f10x_usart.o(.text)
    USART_ITConfig                           0x0800243f   Thumb Code    74  stm32f10x_usart.o(.text)
    USART_DMACmd                             0x08002489   Thumb Code    18  stm32f10x_usart.o(.text)
    USART_SetAddress                         0x0800249b   Thumb Code    18  stm32f10x_usart.o(.text)
    USART_WakeUpConfig                       0x080024ad   Thumb Code    18  stm32f10x_usart.o(.text)
    USART_ReceiverWakeUpCmd                  0x080024bf   Thumb Code    24  stm32f10x_usart.o(.text)
    USART_LINBreakDetectLengthConfig         0x080024d7   Thumb Code    18  stm32f10x_usart.o(.text)
    USART_LINCmd                             0x080024e9   Thumb Code    24  stm32f10x_usart.o(.text)
    USART_GetFlagStatus                      0x08002501   Thumb Code    26  stm32f10x_usart.o(.text)
    USART_SendData                           0x0800251b   Thumb Code    34  stm32f10x_usart.o(.text)
    USART_ReceiveData                        0x0800253d   Thumb Code    26  stm32f10x_usart.o(.text)
    USART_SendBreak                          0x08002557   Thumb Code    10  stm32f10x_usart.o(.text)
    USART_SetGuardTime                       0x08002561   Thumb Code    16  stm32f10x_usart.o(.text)
    USART_SetPrescaler                       0x08002571   Thumb Code    16  stm32f10x_usart.o(.text)
    USART_SmartCardCmd                       0x08002581   Thumb Code    24  stm32f10x_usart.o(.text)
    USART_SmartCardNACKCmd                   0x08002599   Thumb Code    24  stm32f10x_usart.o(.text)
    USART_HalfDuplexCmd                      0x080025b1   Thumb Code    24  stm32f10x_usart.o(.text)
    USART_OverSampling8Cmd                   0x080025c9   Thumb Code    22  stm32f10x_usart.o(.text)
    USART_OneBitMethodCmd                    0x080025df   Thumb Code    24  stm32f10x_usart.o(.text)
    USART_IrDAConfig                         0x080025f7   Thumb Code    18  stm32f10x_usart.o(.text)
    USART_IrDACmd                            0x08002609   Thumb Code    24  stm32f10x_usart.o(.text)
    USART_ClearFlag                          0x08002621   Thumb Code    18  stm32f10x_usart.o(.text)
    USART_GetITStatus                        0x08002633   Thumb Code   110  stm32f10x_usart.o(.text)
    USART_ClearITPendingBit                  0x080026a1   Thumb Code    30  stm32f10x_usart.o(.text)
    DMA_DeInit                               0x080026c1   Thumb Code   324  stm32f10x_dma.o(.text)
    DMA_Init                                 0x08002805   Thumb Code    60  stm32f10x_dma.o(.text)
    DMA_StructInit                           0x08002841   Thumb Code    26  stm32f10x_dma.o(.text)
    DMA_Cmd                                  0x0800285b   Thumb Code    24  stm32f10x_dma.o(.text)
    DMA_ITConfig                             0x08002873   Thumb Code    18  stm32f10x_dma.o(.text)
    DMA_SetCurrDataCounter                   0x08002885   Thumb Code     4  stm32f10x_dma.o(.text)
    DMA_GetCurrDataCounter                   0x08002889   Thumb Code     8  stm32f10x_dma.o(.text)
    DMA_GetFlagStatus                        0x08002891   Thumb Code    40  stm32f10x_dma.o(.text)
    DMA_ClearFlag                            0x080028b9   Thumb Code    22  stm32f10x_dma.o(.text)
    DMA_GetITStatus                          0x080028cf   Thumb Code    40  stm32f10x_dma.o(.text)
    DMA_ClearITPendingBit                    0x080028f7   Thumb Code    22  stm32f10x_dma.o(.text)
    IWDG_WriteAccessCmd                      0x08002915   Thumb Code     6  stm32f10x_iwdg.o(.text)
    IWDG_SetPrescaler                        0x0800291b   Thumb Code     6  stm32f10x_iwdg.o(.text)
    IWDG_SetReload                           0x08002921   Thumb Code     6  stm32f10x_iwdg.o(.text)
    IWDG_ReloadCounter                       0x08002927   Thumb Code    10  stm32f10x_iwdg.o(.text)
    IWDG_Enable                              0x08002931   Thumb Code    10  stm32f10x_iwdg.o(.text)
    IWDG_GetFlagStatus                       0x0800293b   Thumb Code    20  stm32f10x_iwdg.o(.text)
    SPI_I2S_DeInit                           0x08002955   Thumb Code    76  stm32f10x_spi.o(.text)
    SPI_Init                                 0x080029a1   Thumb Code    60  stm32f10x_spi.o(.text)
    I2S_Init                                 0x080029dd   Thumb Code   226  stm32f10x_spi.o(.text)
    SPI_StructInit                           0x08002abf   Thumb Code    24  stm32f10x_spi.o(.text)
    I2S_StructInit                           0x08002ad7   Thumb Code    20  stm32f10x_spi.o(.text)
    SPI_Cmd                                  0x08002aeb   Thumb Code    24  stm32f10x_spi.o(.text)
    I2S_Cmd                                  0x08002b03   Thumb Code    24  stm32f10x_spi.o(.text)
    SPI_I2S_ITConfig                         0x08002b1b   Thumb Code    32  stm32f10x_spi.o(.text)
    SPI_I2S_DMACmd                           0x08002b3b   Thumb Code    18  stm32f10x_spi.o(.text)
    SPI_I2S_SendData                         0x08002b4d   Thumb Code     4  stm32f10x_spi.o(.text)
    SPI_I2S_ReceiveData                      0x08002b51   Thumb Code     6  stm32f10x_spi.o(.text)
    SPI_NSSInternalSoftwareConfig            0x08002b57   Thumb Code    30  stm32f10x_spi.o(.text)
    SPI_SSOutputCmd                          0x08002b75   Thumb Code    24  stm32f10x_spi.o(.text)
    SPI_DataSizeConfig                       0x08002b8d   Thumb Code    18  stm32f10x_spi.o(.text)
    SPI_TransmitCRC                          0x08002b9f   Thumb Code    10  stm32f10x_spi.o(.text)
    SPI_CalculateCRC                         0x08002ba9   Thumb Code    24  stm32f10x_spi.o(.text)
    SPI_GetCRC                               0x08002bc1   Thumb Code    16  stm32f10x_spi.o(.text)
    SPI_GetCRCPolynomial                     0x08002bd1   Thumb Code     6  stm32f10x_spi.o(.text)
    SPI_BiDirectionalLineConfig              0x08002bd7   Thumb Code    28  stm32f10x_spi.o(.text)
    SPI_I2S_GetFlagStatus                    0x08002bf3   Thumb Code    18  stm32f10x_spi.o(.text)
    SPI_I2S_ClearFlag                        0x08002c05   Thumb Code     6  stm32f10x_spi.o(.text)
    SPI_I2S_GetITStatus                      0x08002c0b   Thumb Code    52  stm32f10x_spi.o(.text)
    SPI_I2S_ClearITPendingBit                0x08002c3f   Thumb Code    20  stm32f10x_spi.o(.text)
    SystemInit                               0x08002d3f   Thumb Code    78  system_stm32f10x.o(.text)
    SystemCoreClockUpdate                    0x08002d8d   Thumb Code   142  system_stm32f10x.o(.text)
    main                                     0x08002e41   Thumb Code    22  main.o(.text)
    NMI_Handler                              0x08002e5d   Thumb Code     2  stm32f10x_it.o(.text)
    HardFault_Handler                        0x08002e5f   Thumb Code     4  stm32f10x_it.o(.text)
    MemManage_Handler                        0x08002e63   Thumb Code     4  stm32f10x_it.o(.text)
    BusFault_Handler                         0x08002e67   Thumb Code     4  stm32f10x_it.o(.text)
    UsageFault_Handler                       0x08002e6b   Thumb Code     4  stm32f10x_it.o(.text)
    SVC_Handler                              0x08002e6f   Thumb Code     2  stm32f10x_it.o(.text)
    DebugMon_Handler                         0x08002e71   Thumb Code     2  stm32f10x_it.o(.text)
    PendSV_Handler                           0x08002e73   Thumb Code     2  stm32f10x_it.o(.text)
    SysTick_Handler                          0x08002e75   Thumb Code     2  stm32f10x_it.o(.text)
    EXTI0_IRQHandler                         0x08002e77   Thumb Code    32  stm32f10x_it.o(.text)
    EXTI1_IRQHandler                         0x08002e97   Thumb Code    42  stm32f10x_it.o(.text)
    EXTI9_5_IRQHandler                       0x08002ec1   Thumb Code     2  stm32f10x_it.o(.text)
    EXTI15_10_IRQHandler                     0x08002ec3   Thumb Code     2  stm32f10x_it.o(.text)
    EXTI4_IRQHandler                         0x08002ec5   Thumb Code    92  stm32f10x_it.o(.text)
    USART3_IRQHandler                        0x08002f21   Thumb Code    64  stm32f10x_it.o(.text)
    DMA1_Channel4_IRQHandler                 0x08002f61   Thumb Code    76  stm32f10x_it.o(.text)
    USART1_IRQHandler                        0x08002fad   Thumb Code   104  stm32f10x_it.o(.text)
    DMA1_Channel7_IRQHandler                 0x08003015   Thumb Code    78  stm32f10x_it.o(.text)
    USART2_IRQHandler                        0x08003063   Thumb Code   104  stm32f10x_it.o(.text)
    DMA1_Channel2_IRQHandler                 0x080030cb   Thumb Code    94  stm32f10x_it.o(.text)
    DMA2_Channel4_5_IRQHandler               0x08003129   Thumb Code    80  stm32f10x_it.o(.text)
    UART4_IRQHandler                         0x08003179   Thumb Code   102  stm32f10x_it.o(.text)
    UART5_IRQHandler                         0x080031df   Thumb Code   400  stm32f10x_it.o(.text)
    TIM2_IRQHandler                          0x0800336f   Thumb Code   274  stm32f10x_it.o(.text)
    TIM5_IRQHandler                          0x08003481   Thumb Code   316  stm32f10x_it.o(.text)
    RCC_Configuration                        0x08003629   Thumb Code   118  stm32_configuration.o(.text)
    GPIO_Configuration                       0x0800369f   Thumb Code   880  stm32_configuration.o(.text)
    BH1750_DATA_R                            0x08003a0f   Thumb Code    62  stm32_configuration.o(.text)
    BH1750_DATA_W                            0x08003a4d   Thumb Code    38  stm32_configuration.o(.text)
    BH1750_Init                              0x08003a73   Thumb Code    40  stm32_configuration.o(.text)
    EXTI_Configuration                       0x08003a9b   Thumb Code    46  stm32_configuration.o(.text)
    NVIC_Configuration                       0x08003ac9   Thumb Code   266  stm32_configuration.o(.text)
    ADC1_Configuration                       0x08003bd3   Thumb Code   214  stm32_configuration.o(.text)
    UART5_Configuration                      0x08003ca9   Thumb Code   162  stm32_configuration.o(.text)
    IWDG_Configuration                       0x08003d4b   Thumb Code    52  stm32_configuration.o(.text)
    SPI1_Configuration                       0x08003d7f   Thumb Code   190  stm32_configuration.o(.text)
    Uart1_Init                               0x08003e3d   Thumb Code   286  stm32_configuration.o(.text)
    DMA_Uart1_Init                           0x08003f5b   Thumb Code   200  stm32_configuration.o(.text)
    Uart2_Init                               0x08004023   Thumb Code   214  stm32_configuration.o(.text)
    DMA_Uart2_Init                           0x080040f9   Thumb Code   210  stm32_configuration.o(.text)
    Uart3_Init                               0x080041cb   Thumb Code   214  stm32_configuration.o(.text)
    DMA_Uart3_Init                           0x080042a1   Thumb Code   156  stm32_configuration.o(.text)
    Uart4_Init                               0x0800433d   Thumb Code   230  stm32_configuration.o(.text)
    DMA_Uart4_Init                           0x08004423   Thumb Code   166  stm32_configuration.o(.text)
    TIM2_Configuration                       0x080044c9   Thumb Code   120  stm32_configuration.o(.text)
    TIM5_Configuration                       0x08004541   Thumb Code   114  stm32_configuration.o(.text)
    EXTI1_Enable                             0x080045b3   Thumb Code    96  stm32_configuration.o(.text)
    EXIT0_Enable                             0x08004613   Thumb Code    96  stm32_configuration.o(.text)
    wgfrist_init_readflash                   0x08004673   Thumb Code    44  stm32_configuration.o(.text)
    SYS_Confgiuration                        0x0800469f   Thumb Code   206  stm32_configuration.o(.text)
    Set_Event                                0x0800478b   Thumb Code    12  systemclock.o(.text)
    SysClock                                 0x0800481f   Thumb Code   166  systemclock.o(.text)
    GetSysTime                               0x080048c5   Thumb Code    14  systemclock.o(.text)
    TimerInit                                0x080048d3   Thumb Code     8  systemclock.o(.text)
    Delayus                                  0x08004947   Thumb Code    16  systemclock.o(.text)
    Start_timerEx                            0x0800495f   Thumb Code    38  systemclock.o(.text)
    Start_reload_timer                       0x08004985   Thumb Code    42  systemclock.o(.text)
    Stop_timerEx                             0x080049af   Thumb Code    42  systemclock.o(.text)
    Get_timeoutEx                            0x080049d9   Thumb Code    34  systemclock.o(.text)
    Timer_Num_Active                         0x080049fb   Thumb Code    36  systemclock.o(.text)
    Clear_Event                              0x08004a1f   Thumb Code    12  systemclock.o(.text)
    TD_Getaverage                            0x080054d7   Thumb Code    72  handletask.o(.text)
    First_Getaverage                         0x0800551f   Thumb Code    40  handletask.o(.text)
    Get_Adclvbo                              0x08005547   Thumb Code   134  handletask.o(.text)
    WriteMultipleRegister                    0x08006841   Thumb Code   104  handletask.o(.text)
    mqtt_publish                             0x080071af   Thumb Code   152  handletask.o(.text)
    mqtt_publish1                            0x08007539   Thumb Code    60  handletask.o(.text)
    mqtt_subscribe                           0x0800bd0d   Thumb Code   142  handletask.o(.text)
    mqtt_connect                             0x0800bd9b   Thumb Code   246  handletask.o(.text)
    WriteDataToDMA_BufferTX3                 0x0800c8f7   Thumb Code    46  handletask.o(.text)
    initialRealSendBuff                      0x0800ea23   Thumb Code   114  handletask.o(.text)
    Period_Events_Handle                     0x0800eb7d   Thumb Code  2216  handletask.o(.text)
    Scan_Events_Handle                       0x0800f425   Thumb Code     8  handletask.o(.text)
    Flash_Write_Without_check                0x0800f4e1   Thumb Code    50  dataflash.o(.text)
    Flash_Write                              0x0800f513   Thumb Code   150  dataflash.o(.text)
    Flash_Read                               0x0800f5a9   Thumb Code    22  dataflash.o(.text)
    MAX44009_Transtart                       0x0800f5c5   Thumb Code    92  max44009.o(.text)
    MAX44009_Transtop                        0x0800f621   Thumb Code    94  max44009.o(.text)
    MAX44009_Send                            0x0800f67f   Thumb Code   184  max44009.o(.text)
    MAX44009_Read                            0x0800f737   Thumb Code   182  max44009.o(.text)
    MAX44009_INIT                            0x0800f7ed   Thumb Code    30  max44009.o(.text)
    get_light                                0x0800f80b   Thumb Code    82  max44009.o(.text)
    Get_Illuminance                          0x0800f85d   Thumb Code   146  max44009.o(.text)
    GET_PRESSUE0                             0x0800f8ef   Thumb Code   136  max44009.o(.text)
    PRESSUE_level2                           0x0800f977   Thumb Code   212  max44009.o(.text)
    GET_level0                               0x0800fa4b   Thumb Code   124  max44009.o(.text)
    SI7021_I2C_Init                          0x0800facd   Thumb Code    74  si7021.o(.text)
    SI7021_TransStart                        0x0800fb17   Thumb Code   100  si7021.o(.text)
    SI7021_TransStop                         0x0800fb7b   Thumb Code   100  si7021.o(.text)
    SI7021_WriteByte                         0x0800fbdf   Thumb Code   180  si7021.o(.text)
    SI7021_ReadByte                          0x0800fc93   Thumb Code   178  si7021.o(.text)
    SI7021_TempMeasurement                   0x0800fd45   Thumb Code    54  si7021.o(.text)
    SI7021_HumiMeasurement                   0x0800fd7b   Thumb Code    74  si7021.o(.text)
    GET_PRESSUE1                             0x0800fdc5   Thumb Code   136  si7021.o(.text)
    GET_level1                               0x0800fe4d   Thumb Code   166  si7021.o(.text)
    PRESSUE_level1                           0x0800fef3   Thumb Code   186  si7021.o(.text)
    CPS131_Transtop                          0x0800ffad   Thumb Code   100  si7021.o(.text)
    CPS131_Read                              0x08010011   Thumb Code   188  si7021.o(.text)
    CPS131_Send                              0x080100cd   Thumb Code   196  si7021.o(.text)
    CPS131_Transtart                         0x08010191   Thumb Code    98  si7021.o(.text)
    Get_Carbon                               0x080101f3   Thumb Code   118  si7021.o(.text)
    GET_PRESSUE4                             0x08010269   Thumb Code   164  si7021.o(.text)
    GET_level4                               0x0801030d   Thumb Code   124  si7021.o(.text)
    SI4463_IOSET                             0x08010389   Thumb Code     2  si4463.o(.text)
    SPI_WriteByte                            0x0801038b   Thumb Code   142  si4463.o(.text)
    SI4463_WAIT_CTS                          0x08010419   Thumb Code    82  si4463.o(.text)
    SI4463_READ_RESPONSE                     0x0801046b   Thumb Code    56  si4463.o(.text)
    SI4463_CMD                               0x080104a3   Thumb Code    48  si4463.o(.text)
    SI4463_SPI_Active                        0x080104d3   Thumb Code    24  si4463.o(.text)
    SI4463_Rx_State                          0x080104eb   Thumb Code    24  si4463.o(.text)
    SI4463_INT_STATUS                        0x08010503   Thumb Code    42  si4463.o(.text)
    SI4463_GPIO_CONFIG                       0x0801052d   Thumb Code    74  si4463.o(.text)
    SI4463_CONFIG_INIT                       0x08010577   Thumb Code    54  si4463.o(.text)
    Delayms                                  0x080105ad   Thumb Code    20  si4463.o(.text)
    SI4463_RESET                             0x080105c1   Thumb Code    40  si4463.o(.text)
    SI4463_Init                              0x080105e9   Thumb Code    18  si4463.o(.text)
    SI4463_SET_PROPERTY_1                    0x080105fb   Thumb Code    44  si4463.o(.text)
    SI4463_GET_PROPERTY_1                    0x08010627   Thumb Code    44  si4463.o(.text)
    SI4463_RX_FIFO_RESET                     0x08010653   Thumb Code    24  si4463.o(.text)
    SI4463_TX_FIFO_RESET                     0x0801066b   Thumb Code    24  si4463.o(.text)
    SI4463_PART_INFO                         0x08010683   Thumb Code    26  si4463.o(.text)
    SI4463_GET_INFO                          0x0801069d   Thumb Code    26  si4463.o(.text)
    SI4463_SEND_PACKET                       0x080106b7   Thumb Code   118  si4463.o(.text)
    SI4463_START_RX                          0x0801072d   Thumb Code   108  si4463.o(.text)
    SI4463_READ_PACKET                       0x08010799   Thumb Code    70  si4463.o(.text)
    MD5Init                                  0x080107e5   Thumb Code    26  password_md5.o(.text)
    MD5Decode                                0x080107ff   Thumb Code    50  password_md5.o(.text)
    MD5Transform                             0x08010831   Thumb Code  1886  password_md5.o(.text)
    MD5Update                                0x08010f8f   Thumb Code   140  password_md5.o(.text)
    MD5Encode                                0x0801101b   Thumb Code    62  password_md5.o(.text)
    MD5Final                                 0x08011059   Thumb Code   204  password_md5.o(.text)
    SF_Para_Trans                            0x08011129   Thumb Code   378  fertigation.o(.text)
    SF_Flow_Measu                            0x080112a3   Thumb Code  1046  fertigation.o(.text)
    SF_WriteDataToDMA_BufferTX3              0x080116b9   Thumb Code    52  fertigation.o(.text)
    SF_Flow_Trans                            0x080116ed   Thumb Code   130  fertigation.o(.text)
    MQTTSerialize_connectLength              0x080117bd   Thumb Code   118  mqttconnectclient.o(.text)
    MQTTSerialize_connect                    0x08011833   Thumb Code   342  mqttconnectclient.o(.text)
    MQTTDeserialize_connack                  0x08011989   Thumb Code   118  mqttconnectclient.o(.text)
    MQTTSerialize_zero                       0x080119ff   Thumb Code    76  mqttconnectclient.o(.text)
    MQTTSerialize_disconnect                 0x08011a4b   Thumb Code    18  mqttconnectclient.o(.text)
    MQTTSerialize_pingreq                    0x08011a5d   Thumb Code    18  mqttconnectclient.o(.text)
    MQTTPacket_encode                        0x08011a81   Thumb Code    54  mqttpacket.o(.text)
    MQTTPacket_decode                        0x08011ab7   Thumb Code    88  mqttpacket.o(.text)
    MQTTPacket_len                           0x08011b0f   Thumb Code    34  mqttpacket.o(.text)
    bufchar                                  0x08011b31   Thumb Code    36  mqttpacket.o(.text)
    MQTTPacket_decodeBuf                     0x08011b55   Thumb Code    22  mqttpacket.o(.text)
    readInt                                  0x08011b6b   Thumb Code    26  mqttpacket.o(.text)
    readChar                                 0x08011b85   Thumb Code    14  mqttpacket.o(.text)
    writeChar                                0x08011b93   Thumb Code    12  mqttpacket.o(.text)
    writeInt                                 0x08011b9f   Thumb Code    48  mqttpacket.o(.text)
    writeCString                             0x08011bcf   Thumb Code    40  mqttpacket.o(.text)
    getLenStringLen                          0x08011bf7   Thumb Code    18  mqttpacket.o(.text)
    writeMQTTString                          0x08011c09   Thumb Code    62  mqttpacket.o(.text)
    readMQTTLenString                        0x08011c47   Thumb Code    58  mqttpacket.o(.text)
    MQTTstrlen                               0x08011c81   Thumb Code    24  mqttpacket.o(.text)
    MQTTPacket_equals                        0x08011c99   Thumb Code    66  mqttpacket.o(.text)
    MQTTPacket_read                          0x08011cdb   Thumb Code    98  mqttpacket.o(.text)
    MQTTPacket_readnb                        0x08011da3   Thumb Code   200  mqttpacket.o(.text)
    MQTTSerialize_publishLength              0x08011e75   Thumb Code    34  mqttserializepublish.o(.text)
    MQTTSerialize_publish                    0x08011e97   Thumb Code   176  mqttserializepublish.o(.text)
    MQTTSerialize_ack                        0x08011f47   Thumb Code   114  mqttserializepublish.o(.text)
    MQTTSerialize_puback                     0x08011fb9   Thumb Code    24  mqttserializepublish.o(.text)
    MQTTSerialize_pubrel                     0x08011fd1   Thumb Code    26  mqttserializepublish.o(.text)
    MQTTSerialize_pubcomp                    0x08011feb   Thumb Code    24  mqttserializepublish.o(.text)
    MQTTSerialize_subscribeLength            0x08012003   Thumb Code    46  mqttsubscribeclient.o(.text)
    MQTTSerialize_subscribe                  0x08012031   Thumb Code   176  mqttsubscribeclient.o(.text)
    MQTTDeserialize_suback                   0x080120e1   Thumb Code   146  mqttsubscribeclient.o(.text)
    __aeabi_memcpy                           0x08012173   Thumb Code    36  memcpya.o(.text)
    __aeabi_memcpy4                          0x08012173   Thumb Code     0  memcpya.o(.text)
    __aeabi_memcpy8                          0x08012173   Thumb Code     0  memcpya.o(.text)
    __aeabi_memset                           0x08012197   Thumb Code    14  memseta.o(.text)
    __aeabi_memset4                          0x08012197   Thumb Code     0  memseta.o(.text)
    __aeabi_memset8                          0x08012197   Thumb Code     0  memseta.o(.text)
    __aeabi_memclr                           0x080121a5   Thumb Code     4  memseta.o(.text)
    __aeabi_memclr4                          0x080121a5   Thumb Code     0  memseta.o(.text)
    __aeabi_memclr8                          0x080121a5   Thumb Code     0  memseta.o(.text)
    _memset$wrapper                          0x080121a9   Thumb Code    18  memseta.o(.text)
    strstr                                   0x080121bb   Thumb Code    36  strstr.o(.text)
    strlen                                   0x080121df   Thumb Code    14  strlen.o(.text)
    strncmp                                  0x080121ed   Thumb Code    30  strncmp.o(.text)
    __aeabi_fadd                             0x0801220b   Thumb Code   164  fadd.o(.text)
    __aeabi_fsub                             0x080122af   Thumb Code     6  fadd.o(.text)
    __aeabi_frsub                            0x080122b5   Thumb Code     6  fadd.o(.text)
    __aeabi_fmul                             0x080122bb   Thumb Code   100  fmul.o(.text)
    __aeabi_fdiv                             0x0801231f   Thumb Code   124  fdiv.o(.text)
    __aeabi_dmul                             0x0801239b   Thumb Code   228  dmul.o(.text)
    __aeabi_ddiv                             0x0801247f   Thumb Code   222  ddiv.o(.text)
    __aeabi_i2f                              0x0801255d   Thumb Code    18  fflti.o(.text)
    __aeabi_ui2f                             0x0801256f   Thumb Code    10  ffltui.o(.text)
    __aeabi_ui2d                             0x08012579   Thumb Code    26  dfltui.o(.text)
    __aeabi_f2iz                             0x08012593   Thumb Code    50  ffixi.o(.text)
    __aeabi_f2uiz                            0x080125c5   Thumb Code    40  ffixui.o(.text)
    __aeabi_d2uiz                            0x080125ed   Thumb Code    50  dfixui.o(.text)
    __aeabi_f2d                              0x0801261f   Thumb Code    38  f2d.o(.text)
    __aeabi_cdcmpeq                          0x08012645   Thumb Code     0  cdcmple.o(.text)
    __aeabi_cdcmple                          0x08012645   Thumb Code    48  cdcmple.o(.text)
    __aeabi_cdrcmple                         0x08012675   Thumb Code    48  cdrcmple.o(.text)
    __aeabi_d2f                              0x080126a5   Thumb Code    56  d2f.o(.text)
    __aeabi_cfcmpeq                          0x080126dd   Thumb Code     0  cfcmple.o(.text)
    __aeabi_cfcmple                          0x080126dd   Thumb Code    20  cfcmple.o(.text)
    __aeabi_llsr                             0x080126f1   Thumb Code    32  llushr.o(.text)
    _ll_ushift_r                             0x080126f1   Thumb Code     0  llushr.o(.text)
    __I$use$fp                               0x08012711   Thumb Code     0  iusefp.o(.text)
    _float_round                             0x08012711   Thumb Code    18  fepilogue.o(.text)
    _float_epilogue                          0x08012723   Thumb Code    92  fepilogue.o(.text)
    _double_round                            0x0801277f   Thumb Code    30  depilogue.o(.text)
    _double_epilogue                         0x0801279d   Thumb Code   156  depilogue.o(.text)
    __aeabi_dadd                             0x08012839   Thumb Code   322  dadd.o(.text)
    __aeabi_dsub                             0x0801297b   Thumb Code     6  dadd.o(.text)
    __aeabi_drsub                            0x08012981   Thumb Code     6  dadd.o(.text)
    __ARM_scalbn                             0x08012987   Thumb Code    46  dscalb.o(.text)
    scalbn                                   0x08012987   Thumb Code     0  dscalb.o(.text)
    __aeabi_i2d                              0x080129b5   Thumb Code    34  dflti.o(.text)
    __scatterload                            0x080129d9   Thumb Code    28  init.o(.text)
    __scatterload_rt2                        0x080129d9   Thumb Code     0  init.o(.text)
    __aeabi_llsl                             0x080129fd   Thumb Code    30  llshl.o(.text)
    _ll_shift_l                              0x080129fd   Thumb Code     0  llshl.o(.text)
    __aeabi_lasr                             0x08012a1b   Thumb Code    36  llsshr.o(.text)
    _ll_sshift_r                             0x08012a1b   Thumb Code     0  llsshr.o(.text)
    _dsqrt                                   0x08012a3f   Thumb Code   162  dsqrt.o(.text)
    __decompress                             0x08012ae1   Thumb Code     0  __dczerorl2.o(.text)
    __decompress1                            0x08012ae1   Thumb Code    86  __dczerorl2.o(.text)
    __ARM_fpclassify                         0x08012b37   Thumb Code    40  fpclassify.o(i.__ARM_fpclassify)
    __kernel_poly                            0x08012b5f   Thumb Code   170  poly.o(i.__kernel_poly)
    __mathlib_dbl_divzero                    0x08012c09   Thumb Code    12  dunder.o(i.__mathlib_dbl_divzero)
    __mathlib_dbl_infnan2                    0x08012c19   Thumb Code     4  dunder.o(i.__mathlib_dbl_infnan2)
    __mathlib_dbl_invalid                    0x08012c1d   Thumb Code    12  dunder.o(i.__mathlib_dbl_invalid)
    __mathlib_dbl_overflow                   0x08012c29   Thumb Code    14  dunder.o(i.__mathlib_dbl_overflow)
    __mathlib_dbl_underflow                  0x08012c39   Thumb Code    10  dunder.o(i.__mathlib_dbl_underflow)
    __scatterload_copy                       0x08012c49   Thumb Code    14  handlers.o(i.__scatterload_copy)
    __scatterload_null                       0x08012c57   Thumb Code     2  handlers.o(i.__scatterload_null)
    __scatterload_zeroinit                   0x08012c59   Thumb Code    14  handlers.o(i.__scatterload_zeroinit)
    __set_errno                              0x08012c69   Thumb Code     6  errno.o(i.__set_errno)
    free                                     0x08012c75   Thumb Code    76  malloc.o(i.free)
    malloc                                   0x08012cc5   Thumb Code    92  malloc.o(i.malloc)
    pow                                      0x08012d31   Thumb Code  2478  pow.o(i.pow)
    sqrt                                     0x080136e9   Thumb Code    76  sqrt.o(i.sqrt)
    crc_lo                                   0x08013734   Data         256  handletask.o(.constdata)
    crc_hi                                   0x08013834   Data         256  handletask.o(.constdata)
    MaxTD_number                             0x08013934   Data           1  handletask.o(.constdata)
    Maxlvbo_number                           0x08013935   Data           1  handletask.o(.constdata)
    uart1_cmd_csb                            0x08013936   Data           1  handletask.o(.constdata)
    uart5_cmd_csb                            0x08013937   Data           8  handletask.o(.constdata)
    uart5_cmd_dc                             0x0801393f   Data           8  handletask.o(.constdata)
    uart5_cmd_LEL                            0x08013947   Data           8  handletask.o(.constdata)
    uart5_cmd_PM                             0x0801394f   Data           8  handletask.o(.constdata)
    uart5_cmd_FSFX                           0x08013957   Data           8  handletask.o(.constdata)
    uart5_cmd_fydc                           0x0801395f   Data           8  handletask.o(.constdata)
    uart5_cmd_tzkd                           0x08013967   Data           8  handletask.o(.constdata)
    __mathlib_zero                           0x08013a50   Data           8  qnan.o(.constdata)
    Region$$Table$$Base                      0x08013a58   Number         0  anon$$obj.o(Region$$Table)
    Region$$Table$$Limit                     0x08013a78   Number         0  anon$$obj.o(Region$$Table)
    SystemCoreClock                          0x20000014   Data           4  system_stm32f10x.o(.data)
    AHBPrescTable                            0x20000018   Data          16  system_stm32f10x.o(.data)
    RxFlag2                                  0x2000002d   Data           1  stm32f10x_it.o(.data)
    TxFlag2                                  0x2000002e   Data           1  stm32f10x_it.o(.data)
    RecLen2                                  0x2000002f   Data           1  stm32f10x_it.o(.data)
    TxCount2                                 0x20000030   Data           1  stm32f10x_it.o(.data)
    USART2BufferCNT                          0x20000031   Data           1  stm32f10x_it.o(.data)
    RxFlag1                                  0x20000032   Data           1  stm32f10x_it.o(.data)
    TxFlag1                                  0x20000033   Data           1  stm32f10x_it.o(.data)
    RecLen1                                  0x20000034   Data           1  stm32f10x_it.o(.data)
    TxCount1                                 0x20000035   Data           1  stm32f10x_it.o(.data)
    USART1BufferCNT                          0x20000036   Data           1  stm32f10x_it.o(.data)
    RxFlag3                                  0x20000037   Data           1  stm32f10x_it.o(.data)
    TxFlag3                                  0x20000038   Data           1  stm32f10x_it.o(.data)
    RecLen3                                  0x20000039   Data           1  stm32f10x_it.o(.data)
    TxCount3                                 0x2000003a   Data           1  stm32f10x_it.o(.data)
    USART3BufferCNT                          0x2000003b   Data           1  stm32f10x_it.o(.data)
    RxFlag4                                  0x2000003c   Data           1  stm32f10x_it.o(.data)
    TxFlag4                                  0x2000003d   Data           1  stm32f10x_it.o(.data)
    RecLen4                                  0x2000003e   Data           1  stm32f10x_it.o(.data)
    TxCount4                                 0x2000003f   Data           1  stm32f10x_it.o(.data)
    UART4BufferCNT                           0x20000040   Data           1  stm32f10x_it.o(.data)
    RxFlag5                                  0x20000041   Data           1  stm32f10x_it.o(.data)
    TxFlag5                                  0x20000042   Data           1  stm32f10x_it.o(.data)
    RecLen5                                  0x20000043   Data           1  stm32f10x_it.o(.data)
    TxCount5                                 0x20000044   Data           1  stm32f10x_it.o(.data)
    UART5BufferCNT                           0x20000045   Data           1  stm32f10x_it.o(.data)
    SI4463TxFlag                             0x20000046   Data           1  stm32f10x_it.o(.data)
    SI4463RxFlag                             0x20000047   Data           1  stm32f10x_it.o(.data)
    SI4463_RxLenth                           0x20000048   Data           1  stm32f10x_it.o(.data)
    cmd                                      0x20000049   Data           2  stm32f10x_it.o(.data)
    Capture_time                             0x2000004c   Data           4  stm32f10x_it.o(.data)
    HSEStartUpStatus                         0x2000005d   Data           1  stm32_configuration.o(.data)
    ADC_ConvertedValue                       0x2000005e   Data           4  stm32_configuration.o(.data)
    timerhead                                0x20000064   Data           4  systemclock.o(.data)
    bytelen3                                 0x2000008a   Data           1  handletask.o(.data)
    factory_gateway_set                      0x20000090   Data         255  handletask.o(.data)
    close_433MHZ                             0x2000039e   Data           1  handletask.o(.data)
    TDlvbo_number                            0x200003b3   Data           3  handletask.o(.data)
    tdcycle_i                                0x200003b6   Data           3  handletask.o(.data)
    First_adc_average                        0x200003b9   Data           3  handletask.o(.data)
    collector_temp                           0x200003bc   Data           2  handletask.o(.data)
    temp_adc                                 0x200003be   Data           2  handletask.o(.data)
    temp_flow                                0x200003c0   Data           2  handletask.o(.data)
    temp_level                               0x200003c2   Data           2  handletask.o(.data)
    level1_temperature                       0x20000424   Data           2  handletask.o(.data)
    level2_temperature                       0x20000426   Data           2  handletask.o(.data)
    freq_I                                   0x2000042e   Data           1  handletask.o(.data)
    TIM5_pulsePA1_NUM                        0x2000042f   Data           1  handletask.o(.data)
    level_num_err                            0x20000430   Data           1  handletask.o(.data)
    read_fertigation_finish51                0x2000047b   Data           1  handletask.o(.data)
    fertigation_flg                          0x2000047c   Data           1  handletask.o(.data)
    config_table                             0x20000488   Data         364  si4463.o(.data)
    PADDING                                  0x200005f4   Data          64  password_md5.o(.data)
    SF_Qeury_index                           0x20000635   Data           1  fertigation.o(.data)
    SF_Trans_flg                             0x20000636   Data           1  fertigation.o(.data)
    SF_collector_temp                        0x20000638   Data           2  fertigation.o(.data)
    SF_TD_param_num                          0x2000063a   Data           1  fertigation.o(.data)
    SF_Flow_Trans_Flg                        0x2000063b   Data           1  fertigation.o(.data)
    SF_Flow_Total_I                          0x2000063c   Data           1  fertigation.o(.data)
    SF_Flow_Total_flg                        0x2000063d   Data           1  fertigation.o(.data)
    SF_Lvbo641                               0x2000063e   Data           1  fertigation.o(.data)
    SF_Lvbo642                               0x2000063f   Data           1  fertigation.o(.data)
    SF_Lvbo646                               0x20000640   Data           1  fertigation.o(.data)
    __microlib_freelist                      0x20000648   Data           4  mvars.o(.data)
    __microlib_freelist_initialised          0x2000064c   Data           4  mvars.o(.data)
    RecDataBuffer2                           0x20000654   Data         256  stm32f10x_it.o(.bss)
    USART2SendTCB                            0x20000754   Data         256  stm32f10x_it.o(.bss)
    RecDataBuffer1                           0x20000854   Data         256  stm32f10x_it.o(.bss)
    USART1SendTCB                            0x20000954   Data         256  stm32f10x_it.o(.bss)
    RecDataBuffer3                           0x20000a54   Data         128  stm32f10x_it.o(.bss)
    USART3SendTCB                            0x20000ad4   Data         128  stm32f10x_it.o(.bss)
    RecDataBuffer4                           0x20000b54   Data         256  stm32f10x_it.o(.bss)
    UART4SendTCB                             0x20000c54   Data         256  stm32f10x_it.o(.bss)
    RecDataBuffer5                           0x20000d54   Data         128  stm32f10x_it.o(.bss)
    UART5SendTCB                             0x20000dd4   Data         128  stm32f10x_it.o(.bss)
    SI4463_RxBUFF                            0x20000e54   Data         128  stm32f10x_it.o(.bss)
    Int_BUFF                                 0x20000ed4   Data           9  stm32f10x_it.o(.bss)
    ReceiveData1                             0x20000f49   Data         256  handletask.o(.bss)
    ReceiveData2                             0x200010c9   Data         256  handletask.o(.bss)
    ReceiveData3                             0x200012c9   Data         128  handletask.o(.bss)
    ReportData3                              0x20001349   Data         128  handletask.o(.bss)
    ReceiveData4                             0x200013c9   Data         256  handletask.o(.bss)
    fertigation51                            0x200039b8   Data         112  handletask.o(.bss)
    set_fertigation51_finish                 0x20003a28   Data          28  handletask.o(.bss)
    fertigation52                            0x20003a44   Data          24  handletask.o(.bss)
    param_fertigation52                      0x20003a5c   Data          36  handletask.o(.bss)
    First                                    0x20004280   Data           9  si4463.o(.bss)
    reportfertigation52                      0x2000428a   Data          48  fertigation.o(.bss)
    fertigation52databuf                     0x200042ba   Data          12  fertigation.o(.bss)
    SF_cmd_num                               0x200042c6   Data          56  fertigation.o(.bss)
    SF_wgcollector_data_buff                 0x200042fe   Data          16  fertigation.o(.bss)
    SF_USART3SendTCB                         0x2000430e   Data         128  fertigation.o(.bss)
    SF_Flow_Total                            0x2000438e   Data          12  fertigation.o(.bss)
    __heap_base                              0x200043a0   Data           0  startup_stm32f10x_hd.o(HEAP)
    __heap_limit                             0x200045a0   Data           0  startup_stm32f10x_hd.o(HEAP)
    __initial_sp                             0x200049a0   Data           0  startup_stm32f10x_hd.o(STACK)
    Collectors                               0x2000e000   Data        1040  handletask.o(NO_INIT)
    wgcollector_data_buff                    0x2000e826   Data          16  handletask.o(NO_INIT)
    report_last_rain                         0x2000e836   Data         180  handletask.o(NO_INIT)
    absolute_pressure_zero                   0x2000e8ea   Data         100  handletask.o(NO_INIT)
    TIM2_FrequencyPA0                        0x2000e94e   Data         122  handletask.o(NO_INIT)
    TIM2_FrequencyPC0                        0x2000e9c8   Data         122  handletask.o(NO_INIT)
    TIM2_FrequencyPA1                        0x2000ea42   Data         122  handletask.o(NO_INIT)
    TIM5_pulsePA1                            0x2000eabc   Data         200  handletask.o(NO_INIT)



==============================================================================

Memory Map of the image

  Image Entry point : 0x08000131

  Load Region LR_IROM1 (Base: 0x08000000, Size: 0x000140cc, Max: 0x00080000, ABSOLUTE, COMPRESSED[0x00013d68])

    Execution Region ER_IROM1 (Base: 0x08000000, Size: 0x00013a78, Max: 0x00080000, ABSOLUTE)

    Base Addr    Size         Type   Attr      Idx    E Section Name        Object

    0x08000000   0x00000130   Data   RO            3    RESET               startup_stm32f10x_hd.o
    0x08000130   0x00000000   Code   RO          712  * .ARM.Collect$$$$00000000  mc_w.l(entry.o)
    0x08000130   0x00000004   Code   RO         1077    .ARM.Collect$$$$00000001  mc_w.l(entry2.o)
    0x08000134   0x00000004   Code   RO         1080    .ARM.Collect$$$$00000004  mc_w.l(entry5.o)
    0x08000138   0x00000000   Code   RO         1082    .ARM.Collect$$$$00000008  mc_w.l(entry7b.o)
    0x08000138   0x00000000   Code   RO         1084    .ARM.Collect$$$$0000000A  mc_w.l(entry8b.o)
    0x08000138   0x00000008   Code   RO         1085    .ARM.Collect$$$$0000000B  mc_w.l(entry9a.o)
    0x08000140   0x00000000   Code   RO         1087    .ARM.Collect$$$$0000000D  mc_w.l(entry10a.o)
    0x08000140   0x00000000   Code   RO         1089    .ARM.Collect$$$$0000000F  mc_w.l(entry11a.o)
    0x08000140   0x00000004   Code   RO         1078    .ARM.Collect$$$$00002712  mc_w.l(entry2.o)
    0x08000144   0x00000024   Code   RO            4    .text               startup_stm32f10x_hd.o
    0x08000168   0x000000dc   Code   RO           10    .text               misc.o
    0x08000244   0x0000044e   Code   RO          109    .text               stm32f10x_adc.o
    0x08000692   0x00000002   PAD
    0x08000694   0x0000011c   Code   RO          133    .text               stm32f10x_exti.o
    0x080007b0   0x000005bc   Code   RO          145    .text               stm32f10x_flash.o
    0x08000d6c   0x0000035c   Code   RO          157    .text               stm32f10x_gpio.o
    0x080010c8   0x000003a4   Code   RO          169    .text               stm32f10x_rcc.o
    0x0800146c   0x00000e1a   Code   RO          183    .text               stm32f10x_tim.o
    0x08002286   0x00000002   PAD
    0x08002288   0x00000436   Code   RO          195    .text               stm32f10x_usart.o
    0x080026be   0x00000002   PAD
    0x080026c0   0x00000254   Code   RO          207    .text               stm32f10x_dma.o
    0x08002914   0x00000040   Code   RO          219    .text               stm32f10x_iwdg.o
    0x08002954   0x0000030c   Code   RO          258    .text               stm32f10x_spi.o
    0x08002c60   0x000001e0   Code   RO          280    .text               system_stm32f10x.o
    0x08002e40   0x0000001c   Code   RO          298    .text               main.o
    0x08002e5c   0x000007cc   Code   RO          327    .text               stm32f10x_it.o
    0x08003628   0x0000114c   Code   RO          353    .text               stm32_configuration.o
    0x08004774   0x000002d8   Code   RO          372    .text               systemclock.o
    0x08004a4c   0x0000aa94   Code   RO          394    .text               handletask.o
    0x0800f4e0   0x000000e4   Code   RO          463    .text               dataflash.o
    0x0800f5c4   0x00000508   Code   RO          477    .text               max44009.o
    0x0800facc   0x000008bc   Code   RO          499    .text               si7021.o
    0x08010388   0x0000045c   Code   RO          517    .text               si4463.o
    0x080107e4   0x00000944   Code   RO          534    .text               password_md5.o
    0x08011128   0x00000694   Code   RO          549    .text               fertigation.o
    0x080117bc   0x000002c4   Code   RO          569    .text               mqttconnectclient.o
    0x08011a80   0x000003f4   Code   RO          628    .text               mqttpacket.o
    0x08011e74   0x0000018e   Code   RO          642    .text               mqttserializepublish.o
    0x08012002   0x00000170   Code   RO          654    .text               mqttsubscribeclient.o
    0x08012172   0x00000024   Code   RO          715    .text               mc_w.l(memcpya.o)
    0x08012196   0x00000024   Code   RO          717    .text               mc_w.l(memseta.o)
    0x080121ba   0x00000024   Code   RO          719    .text               mc_w.l(strstr.o)
    0x080121de   0x0000000e   Code   RO          721    .text               mc_w.l(strlen.o)
    0x080121ec   0x0000001e   Code   RO          725    .text               mc_w.l(strncmp.o)
    0x0801220a   0x000000b0   Code   RO         1018    .text               mf_w.l(fadd.o)
    0x080122ba   0x00000064   Code   RO         1020    .text               mf_w.l(fmul.o)
    0x0801231e   0x0000007c   Code   RO         1022    .text               mf_w.l(fdiv.o)
    0x0801239a   0x000000e4   Code   RO         1024    .text               mf_w.l(dmul.o)
    0x0801247e   0x000000de   Code   RO         1026    .text               mf_w.l(ddiv.o)
    0x0801255c   0x00000012   Code   RO         1028    .text               mf_w.l(fflti.o)
    0x0801256e   0x0000000a   Code   RO         1030    .text               mf_w.l(ffltui.o)
    0x08012578   0x0000001a   Code   RO         1032    .text               mf_w.l(dfltui.o)
    0x08012592   0x00000032   Code   RO         1034    .text               mf_w.l(ffixi.o)
    0x080125c4   0x00000028   Code   RO         1036    .text               mf_w.l(ffixui.o)
    0x080125ec   0x00000032   Code   RO         1038    .text               mf_w.l(dfixui.o)
    0x0801261e   0x00000026   Code   RO         1040    .text               mf_w.l(f2d.o)
    0x08012644   0x00000030   Code   RO         1042    .text               mf_w.l(cdcmple.o)
    0x08012674   0x00000030   Code   RO         1044    .text               mf_w.l(cdrcmple.o)
    0x080126a4   0x00000038   Code   RO         1046    .text               mf_w.l(d2f.o)
    0x080126dc   0x00000014   Code   RO         1048    .text               mf_w.l(cfcmple.o)
    0x080126f0   0x00000020   Code   RO         1098    .text               mc_w.l(llushr.o)
    0x08012710   0x00000000   Code   RO         1109    .text               mc_w.l(iusefp.o)
    0x08012710   0x0000006e   Code   RO         1110    .text               mf_w.l(fepilogue.o)
    0x0801277e   0x000000ba   Code   RO         1112    .text               mf_w.l(depilogue.o)
    0x08012838   0x0000014e   Code   RO         1114    .text               mf_w.l(dadd.o)
    0x08012986   0x0000002e   Code   RO         1116    .text               mf_w.l(dscalb.o)
    0x080129b4   0x00000022   Code   RO         1118    .text               mf_w.l(dflti.o)
    0x080129d6   0x00000002   PAD
    0x080129d8   0x00000024   Code   RO         1122    .text               mc_w.l(init.o)
    0x080129fc   0x0000001e   Code   RO         1125    .text               mc_w.l(llshl.o)
    0x08012a1a   0x00000024   Code   RO         1127    .text               mc_w.l(llsshr.o)
    0x08012a3e   0x000000a2   Code   RO         1130    .text               mf_w.l(dsqrt.o)
    0x08012ae0   0x00000056   Code   RO         1140    .text               mc_w.l(__dczerorl2.o)
    0x08012b36   0x00000028   Code   RO         1064    i.__ARM_fpclassify  m_ws.l(fpclassify.o)
    0x08012b5e   0x000000aa   Code   RO         1066    i.__kernel_poly     m_ws.l(poly.o)
    0x08012c08   0x00000010   Code   RO         1050    i.__mathlib_dbl_divzero  m_ws.l(dunder.o)
    0x08012c18   0x00000004   Code   RO         1052    i.__mathlib_dbl_infnan2  m_ws.l(dunder.o)
    0x08012c1c   0x0000000c   Code   RO         1053    i.__mathlib_dbl_invalid  m_ws.l(dunder.o)
    0x08012c28   0x0000000e   Code   RO         1054    i.__mathlib_dbl_overflow  m_ws.l(dunder.o)
    0x08012c36   0x00000002   PAD
    0x08012c38   0x00000010   Code   RO         1056    i.__mathlib_dbl_underflow  m_ws.l(dunder.o)
    0x08012c48   0x0000000e   Code   RO         1134    i.__scatterload_copy  mc_w.l(handlers.o)
    0x08012c56   0x00000002   Code   RO         1135    i.__scatterload_null  mc_w.l(handlers.o)
    0x08012c58   0x0000000e   Code   RO         1136    i.__scatterload_zeroinit  mc_w.l(handlers.o)
    0x08012c66   0x00000002   PAD
    0x08012c68   0x0000000c   Code   RO         1104    i.__set_errno       mc_w.l(errno.o)
    0x08012c74   0x00000050   Code   RO          990    i.free              mc_w.l(malloc.o)
    0x08012cc4   0x0000006c   Code   RO          991    i.malloc            mc_w.l(malloc.o)
    0x08012d30   0x000009b8   Code   RO          703    i.pow               m_ws.l(pow.o)
    0x080136e8   0x0000004c   Code   RO         1070    i.sqrt              m_ws.l(sqrt.o)
    0x08013734   0x00000294   Data   RO          396    .constdata          handletask.o
    0x080139c8   0x00000088   Data   RO          704    .constdata          m_ws.l(pow.o)
    0x08013a50   0x00000008   Data   RO         1068    .constdata          m_ws.l(qnan.o)
    0x08013a58   0x00000020   Data   RO         1132    Region$$Table       anon$$obj.o


    Execution Region RW_IRAM1 (Base: 0x20000000, Size: 0x000049a0, Max: 0x0000e000, ABSOLUTE, COMPRESSED[0x000002f0])

    Base Addr    Size         Type   Attr      Idx    E Section Name        Object

    0x20000000   0x00000014   Data   RW          170    .data               stm32f10x_rcc.o
    0x20000014   0x00000014   Data   RW          281    .data               system_stm32f10x.o
    0x20000028   0x00000001   Data   RW          299    .data               main.o
    0x20000029   0x00000003   PAD
    0x2000002c   0x0000002f   Data   RW          329    .data               stm32f10x_it.o
    0x2000005b   0x00000001   PAD
    0x2000005c   0x00000006   Data   RW          354    .data               stm32_configuration.o
    0x20000062   0x00000002   PAD
    0x20000064   0x00000014   Data   RW          373    .data               systemclock.o
    0x20000078   0x00000405   Data   RW          397    .data               handletask.o
    0x2000047d   0x00000003   PAD
    0x20000480   0x00000174   Data   RW          519    .data               si4463.o
    0x200005f4   0x00000040   Data   RW          535    .data               password_md5.o
    0x20000634   0x0000000d   Data   RW          551    .data               fertigation.o
    0x20000641   0x00000003   PAD
    0x20000644   0x00000004   Data   RW          629    .data               mqttpacket.o
    0x20000648   0x00000004   Data   RW         1100    .data               mc_w.l(mvars.o)
    0x2000064c   0x00000004   Data   RW         1101    .data               mc_w.l(mvars.o)
    0x20000650   0x00000004   Data   RW         1105    .data               mc_w.l(errno.o)
    0x20000654   0x00000889   Zero   RW          328    .bss                stm32f10x_it.o
    0x20000edd   0x00000003   PAD
    0x20000ee0   0x00002ba0   Zero   RW          395    .bss                handletask.o
    0x20003a80   0x00000800   Zero   RW          464    .bss                dataflash.o
    0x20004280   0x00000009   Zero   RW          518    .bss                si4463.o
    0x20004289   0x00000001   PAD
    0x2000428a   0x00000110   Zero   RW          550    .bss                fertigation.o
    0x2000439a   0x00000006   PAD
    0x200043a0   0x00000200   Zero   RW            2    HEAP                startup_stm32f10x_hd.o
    0x200045a0   0x00000400   Zero   RW            1    STACK               startup_stm32f10x_hd.o


    Execution Region MYRAM (Base: 0x2000e000, Size: 0x00000b84, Max: 0x00002000, ABSOLUTE, UNINIT)

    Base Addr    Size         Type   Attr      Idx    E Section Name        Object

    0x2000e000   0x00000b84   Zero   RW          398    NO_INIT             handletask.o


==============================================================================

Image component sizes


      Code (inc. data)   RO Data    RW Data    ZI Data      Debug   Object Name

       228          6          0          0       2048       2115   dataflash.o
      1684        160          0         13        272       4378   fertigation.o
     43668       3844        660       1029      14116      73755   handletask.o
        28          6          0          1          0       9891   main.o
      1288         30          0          0          0       2894   max44009.o
       220         22          0          0          0     289077   misc.o
       708         18          0          0          0       2882   mqttconnectclient.o
      1012         10          0          4          0       5852   mqttpacket.o
       398          0          0          0          0       2590   mqttserializepublish.o
       368          0          0          0          0       2263   mqttsubscribeclient.o
      2372        264          0         64          0       3232   password_md5.o
      1116         40          0        372          9       6101   si4463.o
      2236         46          0          0          0       4459   si7021.o
        36          8        304          0       1536        828   startup_stm32f10x_hd.o
      4428        186          0          6          0       8886   stm32_configuration.o
      1102         26          0          0          0      10781   stm32f10x_adc.o
       596          8          0          0          0       4282   stm32f10x_dma.o
       284         10          0          0          0       2183   stm32f10x_exti.o
      1468         34          0          0          0       7986   stm32f10x_flash.o
       860         38          0          0          0       5597   stm32f10x_gpio.o
      1996        278          0         47       2185       7681   stm32f10x_it.o
        64          6          0          0          0       1245   stm32f10x_iwdg.o
       932         36          0         20          0       8752   stm32f10x_rcc.o
       780         14          0          0          0       6474   stm32f10x_spi.o
      3610         88          0          0          0      22080   stm32f10x_tim.o
      1078         26          0          0          0       8432   stm32f10x_usart.o
       480         38          0         20          0       1947   system_stm32f10x.o
       728         28          0         20          0      19778   systemclock.o

    ----------------------------------------------------------------------
     73774       5270        996       1608      20176     526421   Object Totals
         0          0         32          0          0          0   (incl. Generated)
         6          0          0         12         10          0   (incl. Padding)

    ----------------------------------------------------------------------

      Code (inc. data)   RO Data    RW Data    ZI Data      Debug   Library Member Name

        62         10          0          0          0        340   dunder.o
        40          0          0          0          0         68   fpclassify.o
       170          0          0          0          0         96   poly.o
      2488        190        136          0          0        300   pow.o
         0          0          8          0          0          0   qnan.o
        76          0          0          0          0         84   sqrt.o
        86          0          0          0          0          0   __dczerorl2.o
         0          0          0          0          0          0   entry.o
         0          0          0          0          0          0   entry10a.o
         0          0          0          0          0          0   entry11a.o
         8          4          0          0          0          0   entry2.o
         4          0          0          0          0          0   entry5.o
         0          0          0          0          0          0   entry7b.o
         0          0          0          0          0          0   entry8b.o
         8          4          0          0          0          0   entry9a.o
        12          6          0          4          0         68   errno.o
        30          0          0          0          0          0   handlers.o
        36          8          0          0          0         68   init.o
         0          0          0          0          0          0   iusefp.o
        30          0          0          0          0         68   llshl.o
        36          0          0          0          0         68   llsshr.o
        32          0          0          0          0         68   llushr.o
       188         20          0          0          0        160   malloc.o
        36          0          0          0          0         68   memcpya.o
        36          0          0          0          0        108   memseta.o
         0          0          0          8          0          0   mvars.o
        14          0          0          0          0         68   strlen.o
        30          0          0          0          0         80   strncmp.o
        36          0          0          0          0         80   strstr.o
        48          0          0          0          0         68   cdcmple.o
        48          0          0          0          0         68   cdrcmple.o
        20          0          0          0          0         68   cfcmple.o
        56          0          0          0          0         88   d2f.o
       334          0          0          0          0        148   dadd.o
       222          0          0          0          0        100   ddiv.o
       186          0          0          0          0        176   depilogue.o
        50          0          0          0          0         76   dfixui.o
        34          0          0          0          0         76   dflti.o
        26          0          0          0          0         76   dfltui.o
       228          0          0          0          0         96   dmul.o
        46          0          0          0          0         80   dscalb.o
       162          0          0          0          0        100   dsqrt.o
        38          0          0          0          0         68   f2d.o
       176          0          0          0          0        140   fadd.o
       124          0          0          0          0         88   fdiv.o
       110          0          0          0          0        168   fepilogue.o
        50          0          0          0          0         68   ffixi.o
        40          0          0          0          0         68   ffixui.o
        18          0          0          0          0         68   fflti.o
        10          0          0          0          0         68   ffltui.o
       100          0          0          0          0         76   fmul.o

    ----------------------------------------------------------------------
      5590        242        144         12          0       3824   Library Totals
         6          0          0          0          0          0   (incl. Padding)

    ----------------------------------------------------------------------

      Code (inc. data)   RO Data    RW Data    ZI Data      Debug   Library Name

      2836        200        144          0          0        888   m_ws.l
       622         42          0         12          0        904   mc_w.l
      2126          0          0          0          0       2032   mf_w.l

    ----------------------------------------------------------------------
      5590        242        144         12          0       3824   Library Totals

    ----------------------------------------------------------------------

==============================================================================


      Code (inc. data)   RO Data    RW Data    ZI Data      Debug   

     79364       5512       1140       1620      20176     525537   Grand Totals
     79364       5512       1140        752      20176     525537   ELF Image Totals (compressed)
     79364       5512       1140        752          0          0   ROM Totals

==============================================================================

    Total RO  Size (Code + RO Data)                80504 (  78.62kB)
    Total RW  Size (RW Data + ZI Data)             21796 (  21.29kB)
    Total ROM Size (Code + RO Data + RW Data)      81256 (  79.35kB)

==============================================================================

