<html>
<body>
<pre>
<h1>礦ision Build Log</h1>
<h2>Project:</h2>
D:\实验室\程序\衢州控制器\新建文件夹\边缘网关\新边缘网-stm32\最新边缘网关实用(初始限流)-stm32 -（新版）修改一路控制显示\Project\Induction Heater.uvproj
Project File Date:  12/09/2015

<h2>Output:</h2>
Build target 'Gateway'
assembling startup_stm32f10x_hd.s...
compiling misc.c...
compiling stm32f10x_adc.c...
compiling stm32f10x_dac.c...
compiling stm32f10x_exti.c...
compiling stm32f10x_flash.c...
compiling stm32f10x_gpio.c...
compiling stm32f10x_rcc.c...
compiling stm32f10x_tim.c...
compiling stm32f10x_usart.c...
compiling stm32f10x_dma.c...
compiling stm32f10x_iwdg.c...
compiling stm32f10x_wwdg.c...
compiling SST25VF016B.c...
compiling core_cm3.c...
compiling system_stm32f10x.c...
compiling main.c...
compiling stm32f10x_it.c...
compiling Stm32_Configuration.c...
compiling systemclock.c...
compiling HandleTask.c...
..\User\HandleTask.c(1090): warning:  #167-D: argument of type "u8 *" is incompatible with parameter of type "const char *"
..\User\HandleTask.c:           if(strstr(pBuf,"OK") != NULL) 
..\User\HandleTask.c:                     ^
..\User\HandleTask.c(1095): warning:  #167-D: argument of type "u8 *" is incompatible with parameter of type "const char *"
..\User\HandleTask.c:           if(strstr(pBuf,"remote close") != NULL)
..\User\HandleTask.c:                     ^
..\User\HandleTask.c(1105): warning:  #167-D: argument of type "u8 *" is incompatible with parameter of type "const char *"
..\User\HandleTask.c:           if(strstr(pBuf,"^IPDATA")!=NULL)
..\User\HandleTask.c:                     ^
..\User\HandleTask.c(1146): warning:  #167-D: argument of type "u8 *" is incompatible with parameter of type "const char *"
..\User\HandleTask.c:           if(send_mess && power_mess && (strstr(pBuf,">") != NULL) && messflag[0]==0x01)    //停电发短信
..\User\HandleTask.c:                                                 ^
..\User\HandleTask.c(1443): warning:  #167-D: argument of type "u8 *" is incompatible with parameter of type "const char *"
..\User\HandleTask.c:                   if(strstr(pBuf,"IPOPEN:")!=NULL)
..\User\HandleTask.c:                             ^
..\User\HandleTask.c(1460): warning:  #167-D: argument of type "u8 *" is incompatible with parameter of type "const char *"
..\User\HandleTask.c:                   if(strstr(pBuf,"OK") != NULL)
..\User\HandleTask.c:                             ^
..\User\HandleTask.c: ..\User\HandleTask.c: 6 warnings, 0 errors
compiling DataFlash.c...
linking...
Program Size: Code=29560 RO-data=832 RW-data=252 ZI-data=4052  
FromELF: creating hex file...
"..\Output\Induction Heater.axf" - 0 Error(s), 6 Warning(s).
Build target 'Gateway'
compiling stm32f10x_it.c...
compiling HandleTask.c...
..\User\HandleTask.c(1090): warning:  #167-D: argument of type "u8 *" is incompatible with parameter of type "const char *"
..\User\HandleTask.c:           if(strstr(pBuf,"OK") != NULL) 
..\User\HandleTask.c:                     ^
..\User\HandleTask.c(1095): warning:  #167-D: argument of type "u8 *" is incompatible with parameter of type "const char *"
..\User\HandleTask.c:           if(strstr(pBuf,"remote close") != NULL)
..\User\HandleTask.c:                     ^
..\User\HandleTask.c(1105): warning:  #167-D: argument of type "u8 *" is incompatible with parameter of type "const char *"
..\User\HandleTask.c:           if(strstr(pBuf,"^IPDATA")!=NULL)
..\User\HandleTask.c:                     ^
..\User\HandleTask.c(1146): warning:  #167-D: argument of type "u8 *" is incompatible with parameter of type "const char *"
..\User\HandleTask.c:           if(send_mess && power_mess && (strstr(pBuf,">") != NULL) && messflag[0]==0x01)    //停电发短信
..\User\HandleTask.c:                                                 ^
..\User\HandleTask.c(1443): warning:  #167-D: argument of type "u8 *" is incompatible with parameter of type "const char *"
..\User\HandleTask.c:                   if(strstr(pBuf,"IPOPEN:")!=NULL)
..\User\HandleTask.c:                             ^
..\User\HandleTask.c(1460): warning:  #167-D: argument of type "u8 *" is incompatible with parameter of type "const char *"
..\User\HandleTask.c:                   if(strstr(pBuf,"OK") != NULL)
..\User\HandleTask.c:                             ^
..\User\HandleTask.c: ..\User\HandleTask.c: 6 warnings, 0 errors
linking...
Program Size: Code=29508 RO-data=832 RW-data=252 ZI-data=4052  
FromELF: creating hex file...
"..\Output\Induction Heater.axf" - 0 Error(s), 6 Warning(s).
Load "..\\Output\\Induction Heater.AXF" 
Set JLink Project File to "D:\实验室\程序\衢州控制器\新建文件夹\边缘网关\新边缘网-stm32\最新边缘网关实用(初始限流)-stm32 -（新版）修改一路控制显示\Project\JLinkSettings.ini"
 
JLink info:
------------
DLL: V4.15n, compiled Jun 18 2010 19:55:09
Firmware: J-Link ARM V8 compiled Nov 14 2012 22:34:52
Hardware: V8.00
S/N : 304427361 
Feature(s) : RDI,FlashDL,FlashBP,JFlash,GDBFULL 
 
* JLink Info: TotalIRLen = 9, IRPrint = 0x0011
* JLink Info: Found Cortex-M3 r1p1, Little endian.
* JLink Info: TPIU fitted.
* JLink Info: ETM fitted.
* JLink Info:   FPUnit: 6 code (BP) slots and 2 literal slots
ROMTableAddr = 0xE00FF003
 
Target info:
------------
Device: STM32F103VE
VTarget = 3.306V
State of Pins: 
TCK: 1, TDI: 0, TDO: 0, TMS: 0, TRES: 1, TRST: 1
* JLink Info: TotalIRLen = 9, IRPrint = 0x0011
* JLink Info: Found Cortex-M3 r1p1, Little endian.
* JLink Info: TPIU fitted.
* JLink Info: ETM fitted.
* JLink Info:   FPUnit: 6 code (BP) slots and 2 literal slots
Hardware-Breakpoints: 6
Software-Breakpoints: 2048
Watchpoints:          4
JTAG speed: 2000 kHz
 
No Algorithm found for: 08000000H - 0800777FH
Erase skipped!
Load "..\\Output\\Induction Heater.AXF" 
Set JLink Project File to "D:\实验室\程序\衢州控制器\新建文件夹\边缘网关\新边缘网-stm32\最新边缘网关实用(初始限流)-stm32 -（新版）修改一路控制显示\Project\JLinkSettings.ini"
 
JLink info:
------------
DLL: V4.15n, compiled Jun 18 2010 19:55:09
Firmware: J-Link ARM V8 compiled Nov 14 2012 22:34:52
Hardware: V8.00
S/N : 304427361 
Feature(s) : RDI,FlashDL,FlashBP,JFlash,GDBFULL 
 
* JLink Info: TotalIRLen = 9, IRPrint = 0x0011
* JLink Info: Found Cortex-M3 r1p1, Little endian.
* JLink Info: TPIU fitted.
* JLink Info: ETM fitted.
* JLink Info:   FPUnit: 6 code (BP) slots and 2 literal slots
ROMTableAddr = 0xE00FF003
 
Target info:
------------
Device: STM32F103VE
VTarget = 3.306V
State of Pins: 
TCK: 1, TDI: 0, TDO: 0, TMS: 0, TRES: 1, TRST: 1
* JLink Info: TotalIRLen = 9, IRPrint = 0x0011
* JLink Info: Found Cortex-M3 r1p1, Little endian.
* JLink Info: TPIU fitted.
* JLink Info: ETM fitted.
* JLink Info:   FPUnit: 6 code (BP) slots and 2 literal slots
Hardware-Breakpoints: 6
Software-Breakpoints: 2048
Watchpoints:          4
JTAG speed: 2000 kHz
 
Erase Done.
Programming Done.
Verify OK.
* JLink Info: TotalIRLen = 9, IRPrint = 0x0011
* JLink Info: Found Cortex-M3 r1p1, Little endian.
* JLink Info: TPIU fitted.
* JLink Info: ETM fitted.
* JLink Info:   FPUnit: 6 code (BP) slots and 2 literal slots
Application running ...
Build target 'Gateway'
compiling main.c...
compiling HandleTask.c...
..\User\HandleTask.c(1090): warning:  #167-D: argument of type "u8 *" is incompatible with parameter of type "const char *"
..\User\HandleTask.c:           if(strstr(pBuf,"OK") != NULL) 
..\User\HandleTask.c:                     ^
..\User\HandleTask.c(1095): warning:  #167-D: argument of type "u8 *" is incompatible with parameter of type "const char *"
..\User\HandleTask.c:           if(strstr(pBuf,"remote close") != NULL)
..\User\HandleTask.c:                     ^
..\User\HandleTask.c(1105): warning:  #167-D: argument of type "u8 *" is incompatible with parameter of type "const char *"
..\User\HandleTask.c:           if(strstr(pBuf,"^IPDATA")!=NULL)
..\User\HandleTask.c:                     ^
..\User\HandleTask.c(1146): warning:  #167-D: argument of type "u8 *" is incompatible with parameter of type "const char *"
..\User\HandleTask.c:           if(send_mess && power_mess && (strstr(pBuf,">") != NULL) && messflag[0]==0x01)    //停电发短信
..\User\HandleTask.c:                                                 ^
..\User\HandleTask.c(1443): warning:  #167-D: argument of type "u8 *" is incompatible with parameter of type "const char *"
..\User\HandleTask.c:                   if(strstr(pBuf,"IPOPEN:")!=NULL)
..\User\HandleTask.c:                             ^
..\User\HandleTask.c(1460): warning:  #167-D: argument of type "u8 *" is incompatible with parameter of type "const char *"
..\User\HandleTask.c:                   if(strstr(pBuf,"OK") != NULL)
..\User\HandleTask.c:                             ^
..\User\HandleTask.c: ..\User\HandleTask.c: 6 warnings, 0 errors
linking...
Program Size: Code=29508 RO-data=832 RW-data=252 ZI-data=4052  
FromELF: creating hex file...
"..\Output\Induction Heater.axf" - 0 Error(s), 6 Warning(s).
Build target 'Gateway'
compiling main.c...
compiling HandleTask.c...
..\User\HandleTask.c(1093): warning:  #167-D: argument of type "u8 *" is incompatible with parameter of type "const char *"
..\User\HandleTask.c:           if(strstr(pBuf,"OK") != NULL) 
..\User\HandleTask.c:                     ^
..\User\HandleTask.c(1098): warning:  #167-D: argument of type "u8 *" is incompatible with parameter of type "const char *"
..\User\HandleTask.c:           if(strstr(pBuf,"remote close") != NULL)
..\User\HandleTask.c:                     ^
..\User\HandleTask.c(1108): warning:  #167-D: argument of type "u8 *" is incompatible with parameter of type "const char *"
..\User\HandleTask.c:           if(strstr(pBuf,"^IPDATA")!=NULL)
..\User\HandleTask.c:                     ^
..\User\HandleTask.c(1149): warning:  #167-D: argument of type "u8 *" is incompatible with parameter of type "const char *"
..\User\HandleTask.c:           if(send_mess && power_mess && (strstr(pBuf,">") != NULL) && messflag[0]==0x01)    //停电发短信
..\User\HandleTask.c:                                                 ^
..\User\HandleTask.c(1446): warning:  #167-D: argument of type "u8 *" is incompatible with parameter of type "const char *"
..\User\HandleTask.c:                   if(strstr(pBuf,"IPOPEN:")!=NULL)
..\User\HandleTask.c:                             ^
..\User\HandleTask.c(1463): warning:  #167-D: argument of type "u8 *" is incompatible with parameter of type "const char *"
..\User\HandleTask.c:                   if(strstr(pBuf,"OK") != NULL)
..\User\HandleTask.c:                             ^
..\User\HandleTask.c: ..\User\HandleTask.c: 6 warnings, 0 errors
linking...
Program Size: Code=29508 RO-data=832 RW-data=252 ZI-data=4052  
FromELF: creating hex file...
"..\Output\Induction Heater.axf" - 0 Error(s), 6 Warning(s).
Build target 'Gateway'
compiling HandleTask.c...
..\User\HandleTask.c(1093): warning:  #167-D: argument of type "u8 *" is incompatible with parameter of type "const char *"
..\User\HandleTask.c:           if(strstr(pBuf,"OK") != NULL) 
..\User\HandleTask.c:                     ^
..\User\HandleTask.c(1098): warning:  #167-D: argument of type "u8 *" is incompatible with parameter of type "const char *"
..\User\HandleTask.c:           if(strstr(pBuf,"remote close") != NULL)
..\User\HandleTask.c:                     ^
..\User\HandleTask.c(1108): warning:  #167-D: argument of type "u8 *" is incompatible with parameter of type "const char *"
..\User\HandleTask.c:           if(strstr(pBuf,"^IPDATA")!=NULL)
..\User\HandleTask.c:                     ^
..\User\HandleTask.c(1149): warning:  #167-D: argument of type "u8 *" is incompatible with parameter of type "const char *"
..\User\HandleTask.c:           if(send_mess && power_mess && (strstr(pBuf,">") != NULL) && messflag[0]==0x01)    //停电发短信
..\User\HandleTask.c:                                                 ^
..\User\HandleTask.c(1446): warning:  #167-D: argument of type "u8 *" is incompatible with parameter of type "const char *"
..\User\HandleTask.c:                   if(strstr(pBuf,"IPOPEN:")!=NULL)
..\User\HandleTask.c:                             ^
..\User\HandleTask.c(1463): warning:  #167-D: argument of type "u8 *" is incompatible with parameter of type "const char *"
..\User\HandleTask.c:                   if(strstr(pBuf,"OK") != NULL)
..\User\HandleTask.c:                             ^
..\User\HandleTask.c: ..\User\HandleTask.c: 6 warnings, 0 errors
linking...
Program Size: Code=29508 RO-data=832 RW-data=252 ZI-data=4052  
FromELF: creating hex file...
"..\Output\Induction Heater.axf" - 0 Error(s), 6 Warning(s).
Build target 'Gateway'
compiling stm32f10x_it.c...
..\User\stm32f10x_it.c(202): error:  #20: identifier "powerflag" is undefined
..\User\stm32f10x_it.c:                 powerflag=0x01;
..\User\stm32f10x_it.c:                 ^
..\User\stm32f10x_it.c: ..\User\stm32f10x_it.c: 0 warnings, 1 error
compiling HandleTask.c...
..\User\HandleTask.c(1093): warning:  #167-D: argument of type "u8 *" is incompatible with parameter of type "const char *"
..\User\HandleTask.c:           if(strstr(pBuf,"OK") != NULL) 
..\User\HandleTask.c:                     ^
..\User\HandleTask.c(1098): warning:  #167-D: argument of type "u8 *" is incompatible with parameter of type "const char *"
..\User\HandleTask.c:           if(strstr(pBuf,"remote close") != NULL)
..\User\HandleTask.c:                     ^
..\User\HandleTask.c(1108): warning:  #167-D: argument of type "u8 *" is incompatible with parameter of type "const char *"
..\User\HandleTask.c:           if(strstr(pBuf,"^IPDATA")!=NULL)
..\User\HandleTask.c:                     ^
..\User\HandleTask.c(1149): warning:  #167-D: argument of type "u8 *" is incompatible with parameter of type "const char *"
..\User\HandleTask.c:           if(send_mess && power_mess && (strstr(pBuf,">") != NULL) && messflag[0]==0x01)    //停电发短信
..\User\HandleTask.c:                                                 ^
..\User\HandleTask.c(1446): warning:  #167-D: argument of type "u8 *" is incompatible with parameter of type "const char *"
..\User\HandleTask.c:                   if(strstr(pBuf,"IPOPEN:")!=NULL)
..\User\HandleTask.c:                             ^
..\User\HandleTask.c(1463): warning:  #167-D: argument of type "u8 *" is incompatible with parameter of type "const char *"
..\User\HandleTask.c:                   if(strstr(pBuf,"OK") != NULL)
..\User\HandleTask.c:                             ^
..\User\HandleTask.c: ..\User\HandleTask.c: 6 warnings, 0 errors
Target not created
Build target 'Gateway'
compiling stm32f10x_it.c...
compiling HandleTask.c...
..\User\HandleTask.c(1094): warning:  #167-D: argument of type "u8 *" is incompatible with parameter of type "const char *"
..\User\HandleTask.c:           if(strstr(pBuf,"OK") != NULL) 
..\User\HandleTask.c:                     ^
..\User\HandleTask.c(1099): warning:  #167-D: argument of type "u8 *" is incompatible with parameter of type "const char *"
..\User\HandleTask.c:           if(strstr(pBuf,"remote close") != NULL)
..\User\HandleTask.c:                     ^
..\User\HandleTask.c(1109): warning:  #167-D: argument of type "u8 *" is incompatible with parameter of type "const char *"
..\User\HandleTask.c:           if(strstr(pBuf,"^IPDATA")!=NULL)
..\User\HandleTask.c:                     ^
..\User\HandleTask.c(1150): warning:  #167-D: argument of type "u8 *" is incompatible with parameter of type "const char *"
..\User\HandleTask.c:           if(send_mess && power_mess && (strstr(pBuf,">") != NULL) && messflag[0]==0x01)    //停电发短信
..\User\HandleTask.c:                                                 ^
..\User\HandleTask.c(1447): warning:  #167-D: argument of type "u8 *" is incompatible with parameter of type "const char *"
..\User\HandleTask.c:                   if(strstr(pBuf,"IPOPEN:")!=NULL)
..\User\HandleTask.c:                             ^
..\User\HandleTask.c(1464): warning:  #167-D: argument of type "u8 *" is incompatible with parameter of type "const char *"
..\User\HandleTask.c:                   if(strstr(pBuf,"OK") != NULL)
..\User\HandleTask.c:                             ^
..\User\HandleTask.c: ..\User\HandleTask.c: 6 warnings, 0 errors
linking...
Program Size: Code=29516 RO-data=832 RW-data=252 ZI-data=4052  
FromELF: creating hex file...
"..\Output\Induction Heater.axf" - 0 Error(s), 6 Warning(s).
Build target 'Gateway'
linking...
Program Size: Code=29516 RO-data=832 RW-data=252 ZI-data=4052  
FromELF: creating hex file...
"..\Output\Induction Heater.axf" - 0 Error(s), 0 Warning(s).
Build target 'Gateway'
linking...
Program Size: Code=29516 RO-data=832 RW-data=252 ZI-data=4052  
FromELF: creating hex file...
"..\Output\Induction Heater.axf" - 0 Error(s), 0 Warning(s).
Build target 'Gateway'
linking...
Program Size: Code=29516 RO-data=832 RW-data=252 ZI-data=4052  
FromELF: creating hex file...
"..\Output\Induction Heater.axf" - 0 Error(s), 0 Warning(s).
Build target 'Gateway'
linking...
Program Size: Code=29516 RO-data=832 RW-data=252 ZI-data=4052  
FromELF: creating hex file...
"..\Output\Induction Heater.axf" - 0 Error(s), 0 Warning(s).
Build target 'Gateway'
linking...
Program Size: Code=29516 RO-data=832 RW-data=252 ZI-data=4052  
FromELF: creating hex file...
"..\Output\Induction Heater.axf" - 0 Error(s), 0 Warning(s).
Build target 'Gateway'
linking...
Program Size: Code=29516 RO-data=832 RW-data=252 ZI-data=4052  
FromELF: creating hex file...
"..\Output\Induction Heater.axf" - 0 Error(s), 0 Warning(s).
Build target 'Gateway'
compiling HandleTask.c...
..\User\HandleTask.c(1094): warning:  #167-D: argument of type "u8 *" is incompatible with parameter of type "const char *"
..\User\HandleTask.c:           if(strstr(pBuf,"OK") != NULL) 
..\User\HandleTask.c:                     ^
..\User\HandleTask.c(1099): warning:  #167-D: argument of type "u8 *" is incompatible with parameter of type "const char *"
..\User\HandleTask.c:           if(strstr(pBuf,"remote close") != NULL)
..\User\HandleTask.c:                     ^
..\User\HandleTask.c(1109): warning:  #167-D: argument of type "u8 *" is incompatible with parameter of type "const char *"
..\User\HandleTask.c:           if(strstr(pBuf,"^IPDATA")!=NULL)
..\User\HandleTask.c:                     ^
..\User\HandleTask.c(1150): warning:  #167-D: argument of type "u8 *" is incompatible with parameter of type "const char *"
..\User\HandleTask.c:           if(send_mess && power_mess && (strstr(pBuf,">") != NULL) && messflag[0]==0x01)    //停电发短信
..\User\HandleTask.c:                                                 ^
..\User\HandleTask.c(1447): warning:  #167-D: argument of type "u8 *" is incompatible with parameter of type "const char *"
..\User\HandleTask.c:                   if(strstr(pBuf,"IPOPEN:")!=NULL)
..\User\HandleTask.c:                             ^
..\User\HandleTask.c(1464): warning:  #167-D: argument of type "u8 *" is incompatible with parameter of type "const char *"
..\User\HandleTask.c:                   if(strstr(pBuf,"OK") != NULL)
..\User\HandleTask.c:                             ^
..\User\HandleTask.c: ..\User\HandleTask.c: 6 warnings, 0 errors
linking...
Program Size: Code=29468 RO-data=832 RW-data=252 ZI-data=4052  
FromELF: creating hex file...
"..\Output\Induction Heater.axf" - 0 Error(s), 6 Warning(s).
Build target 'Gateway'
compiling HandleTask.c...
..\User\HandleTask.c(1094): warning:  #167-D: argument of type "u8 *" is incompatible with parameter of type "const char *"
..\User\HandleTask.c:           if(strstr(pBuf,"OK") != NULL) 
..\User\HandleTask.c:                     ^
..\User\HandleTask.c(1099): warning:  #167-D: argument of type "u8 *" is incompatible with parameter of type "const char *"
..\User\HandleTask.c:           if(strstr(pBuf,"remote close") != NULL)
..\User\HandleTask.c:                     ^
..\User\HandleTask.c(1109): warning:  #167-D: argument of type "u8 *" is incompatible with parameter of type "const char *"
..\User\HandleTask.c:           if(strstr(pBuf,"^IPDATA")!=NULL)
..\User\HandleTask.c:                     ^
..\User\HandleTask.c(1150): warning:  #167-D: argument of type "u8 *" is incompatible with parameter of type "const char *"
..\User\HandleTask.c:           if(send_mess && power_mess && (strstr(pBuf,">") != NULL) && messflag[0]==0x01)    //停电发短信
..\User\HandleTask.c:                                                 ^
..\User\HandleTask.c(1447): warning:  #167-D: argument of type "u8 *" is incompatible with parameter of type "const char *"
..\User\HandleTask.c:                   if(strstr(pBuf,"IPOPEN:")!=NULL)
..\User\HandleTask.c:                             ^
..\User\HandleTask.c(1464): warning:  #167-D: argument of type "u8 *" is incompatible with parameter of type "const char *"
..\User\HandleTask.c:                   if(strstr(pBuf,"OK") != NULL)
..\User\HandleTask.c:                             ^
..\User\HandleTask.c: ..\User\HandleTask.c: 6 warnings, 0 errors
linking...
Program Size: Code=29468 RO-data=832 RW-data=252 ZI-data=4052  
FromELF: creating hex file...
"..\Output\Induction Heater.axf" - 0 Error(s), 6 Warning(s).
Build target 'Gateway'
compiling HandleTask.c...
..\User\HandleTask.c(1094): warning:  #167-D: argument of type "u8 *" is incompatible with parameter of type "const char *"
..\User\HandleTask.c:           if(strstr(pBuf,"OK") != NULL) 
..\User\HandleTask.c:                     ^
..\User\HandleTask.c(1099): warning:  #167-D: argument of type "u8 *" is incompatible with parameter of type "const char *"
..\User\HandleTask.c:           if(strstr(pBuf,"remote close") != NULL)
..\User\HandleTask.c:                     ^
..\User\HandleTask.c(1108): warning:  #167-D: argument of type "u8 *" is incompatible with parameter of type "const char *"
..\User\HandleTask.c:           if(strstr(pBuf,"^IPDATA")!=NULL)
..\User\HandleTask.c:                     ^
..\User\HandleTask.c(1149): warning:  #167-D: argument of type "u8 *" is incompatible with parameter of type "const char *"
..\User\HandleTask.c:           if(send_mess && power_mess && (strstr(pBuf,">") != NULL) && messflag[0]==0x01)    //停电发短信
..\User\HandleTask.c:                                                 ^
..\User\HandleTask.c(1446): warning:  #167-D: argument of type "u8 *" is incompatible with parameter of type "const char *"
..\User\HandleTask.c:                   if(strstr(pBuf,"IPOPEN:")!=NULL)
..\User\HandleTask.c:                             ^
..\User\HandleTask.c(1463): warning:  #167-D: argument of type "u8 *" is incompatible with parameter of type "const char *"
..\User\HandleTask.c:                   if(strstr(pBuf,"OK") != NULL)
..\User\HandleTask.c:                             ^
..\User\HandleTask.c: ..\User\HandleTask.c: 6 warnings, 0 errors
linking...
Program Size: Code=29460 RO-data=832 RW-data=252 ZI-data=4052  
FromELF: creating hex file...
"..\Output\Induction Heater.axf" - 0 Error(s), 6 Warning(s).
Build target 'Gateway'
compiling HandleTask.c...
..\User\HandleTask.c(1094): warning:  #167-D: argument of type "u8 *" is incompatible with parameter of type "const char *"
..\User\HandleTask.c:           if(strstr(pBuf,"OK") != NULL) 
..\User\HandleTask.c:                     ^
..\User\HandleTask.c(1099): warning:  #167-D: argument of type "u8 *" is incompatible with parameter of type "const char *"
..\User\HandleTask.c:           if(strstr(pBuf,"remote close") != NULL)
..\User\HandleTask.c:                     ^
..\User\HandleTask.c(1108): warning:  #167-D: argument of type "u8 *" is incompatible with parameter of type "const char *"
..\User\HandleTask.c:           if(strstr(pBuf,"^IPDATA")!=NULL)
..\User\HandleTask.c:                     ^
..\User\HandleTask.c(1149): warning:  #167-D: argument of type "u8 *" is incompatible with parameter of type "const char *"
..\User\HandleTask.c:           if(send_mess && power_mess && (strstr(pBuf,">") != NULL) && messflag[0]==0x01)    //停电发短信
..\User\HandleTask.c:                                                 ^
..\User\HandleTask.c(1446): warning:  #167-D: argument of type "u8 *" is incompatible with parameter of type "const char *"
..\User\HandleTask.c:                   if(strstr(pBuf,"IPOPEN:")!=NULL)
..\User\HandleTask.c:                             ^
..\User\HandleTask.c(1463): warning:  #167-D: argument of type "u8 *" is incompatible with parameter of type "const char *"
..\User\HandleTask.c:                   if(strstr(pBuf,"OK") != NULL)
..\User\HandleTask.c:                             ^
..\User\HandleTask.c: ..\User\HandleTask.c: 6 warnings, 0 errors
linking...
Program Size: Code=29460 RO-data=832 RW-data=252 ZI-data=4052  
FromELF: creating hex file...
"..\Output\Induction Heater.axf" - 0 Error(s), 6 Warning(s).
Load "..\\Output\\Induction Heater.AXF" 
Set JLink Project File to "D:\实验室\程序\衢州控制器\新建文件夹\边缘网关\新边缘网-stm32\最新边缘网关实用(初始限流)-stm32 -（新版）修改一路控制显示\Project\JLinkSettings.ini"
 
JLink info:
------------
DLL: V4.15n, compiled Jun 18 2010 19:55:09
Firmware: J-Link ARM V8 compiled Nov 14 2012 22:34:52
Hardware: V8.00
S/N : 304427361 
Feature(s) : RDI,FlashDL,FlashBP,JFlash,GDBFULL 
 
* JLink Info: TotalIRLen = 9, IRPrint = 0x0011
* JLink Info: Found Cortex-M3 r1p1, Little endian.
* JLink Info: TPIU fitted.
* JLink Info: ETM fitted.
* JLink Info:   FPUnit: 6 code (BP) slots and 2 literal slots
ROMTableAddr = 0xE00FF003
 
Target info:
------------
Device: STM32F103VE
VTarget = 3.306V
State of Pins: 
TCK: 1, TDI: 0, TDO: 0, TMS: 0, TRES: 1, TRST: 1
* JLink Info: TotalIRLen = 9, IRPrint = 0x0011
* JLink Info: Found Cortex-M3 r1p1, Little endian.
* JLink Info: TPIU fitted.
* JLink Info: ETM fitted.
* JLink Info:   FPUnit: 6 code (BP) slots and 2 literal slots
Hardware-Breakpoints: 6
Software-Breakpoints: 2048
Watchpoints:          4
JTAG speed: 2000 kHz
 
Erase Done.
Programming Done.
Verify OK.
* JLink Info: TotalIRLen = 9, IRPrint = 0x0011
* JLink Info: Found Cortex-M3 r1p1, Little endian.
* JLink Info: TPIU fitted.
* JLink Info: ETM fitted.
* JLink Info:   FPUnit: 6 code (BP) slots and 2 literal slots
Application running ...
Build target 'Gateway'
compiling HandleTask.c...
..\User\HandleTask.c(1094): warning:  #167-D: argument of type "u8 *" is incompatible with parameter of type "const char *"
..\User\HandleTask.c:           if(strstr(pBuf,"OK") != NULL) 
..\User\HandleTask.c:                     ^
..\User\HandleTask.c(1099): warning:  #167-D: argument of type "u8 *" is incompatible with parameter of type "const char *"
..\User\HandleTask.c:           if(strstr(pBuf,"remote close") != NULL)
..\User\HandleTask.c:                     ^
..\User\HandleTask.c(1108): warning:  #167-D: argument of type "u8 *" is incompatible with parameter of type "const char *"
..\User\HandleTask.c:           if(strstr(pBuf,"^IPDATA")!=NULL)
..\User\HandleTask.c:                     ^
..\User\HandleTask.c(1149): warning:  #167-D: argument of type "u8 *" is incompatible with parameter of type "const char *"
..\User\HandleTask.c:           if(send_mess && power_mess && (strstr(pBuf,">") != NULL) && messflag[0]==0x01)    //停电发短信
..\User\HandleTask.c:                                                 ^
..\User\HandleTask.c(1446): warning:  #167-D: argument of type "u8 *" is incompatible with parameter of type "const char *"
..\User\HandleTask.c:                   if(strstr(pBuf,"IPOPEN:")!=NULL)
..\User\HandleTask.c:                             ^
..\User\HandleTask.c(1463): warning:  #167-D: argument of type "u8 *" is incompatible with parameter of type "const char *"
..\User\HandleTask.c:                   if(strstr(pBuf,"OK") != NULL)
..\User\HandleTask.c:                             ^
..\User\HandleTask.c: ..\User\HandleTask.c: 6 warnings, 0 errors
linking...
Program Size: Code=29460 RO-data=832 RW-data=252 ZI-data=4052  
FromELF: creating hex file...
"..\Output\Induction Heater.axf" - 0 Error(s), 6 Warning(s).
Build target 'Gateway'
compiling stm32f10x_it.c...
compiling systemclock.c...
compiling HandleTask.c...
..\User\HandleTask.c(1094): warning:  #167-D: argument of type "u8 *" is incompatible with parameter of type "const char *"
..\User\HandleTask.c:           if(strstr(pBuf,"OK") != NULL) 
..\User\HandleTask.c:                     ^
..\User\HandleTask.c(1099): warning:  #167-D: argument of type "u8 *" is incompatible with parameter of type "const char *"
..\User\HandleTask.c:           if(strstr(pBuf,"remote close") != NULL)
..\User\HandleTask.c:                     ^
..\User\HandleTask.c(1108): warning:  #167-D: argument of type "u8 *" is incompatible with parameter of type "const char *"
..\User\HandleTask.c:           if(strstr(pBuf,"^IPDATA")!=NULL)
..\User\HandleTask.c:                     ^
..\User\HandleTask.c(1149): warning:  #167-D: argument of type "u8 *" is incompatible with parameter of type "const char *"
..\User\HandleTask.c:           if(send_mess && power_mess && (strstr(pBuf,">") != NULL) && messflag[0]==0x01)    //停电发短信
..\User\HandleTask.c:                                                 ^
..\User\HandleTask.c(1446): warning:  #167-D: argument of type "u8 *" is incompatible with parameter of type "const char *"
..\User\HandleTask.c:                   if(strstr(pBuf,"IPOPEN:")!=NULL)
..\User\HandleTask.c:                             ^
..\User\HandleTask.c(1463): warning:  #167-D: argument of type "u8 *" is incompatible with parameter of type "const char *"
..\User\HandleTask.c:                   if(strstr(pBuf,"OK") != NULL)
..\User\HandleTask.c:                             ^
..\User\HandleTask.c: ..\User\HandleTask.c: 6 warnings, 0 errors
linking...
Program Size: Code=29460 RO-data=832 RW-data=252 ZI-data=4052  
FromELF: creating hex file...
"..\Output\Induction Heater.axf" - 0 Error(s), 6 Warning(s).
Build target 'Gateway'
compiling HandleTask.c...
..\User\HandleTask.c(1094): warning:  #167-D: argument of type "u8 *" is incompatible with parameter of type "const char *"
..\User\HandleTask.c:           if(strstr(pBuf,"OK") != NULL) 
..\User\HandleTask.c:                     ^
..\User\HandleTask.c(1099): warning:  #167-D: argument of type "u8 *" is incompatible with parameter of type "const char *"
..\User\HandleTask.c:           if(strstr(pBuf,"remote close") != NULL)
..\User\HandleTask.c:                     ^
..\User\HandleTask.c(1108): warning:  #167-D: argument of type "u8 *" is incompatible with parameter of type "const char *"
..\User\HandleTask.c:           if(strstr(pBuf,"^IPDATA")!=NULL)
..\User\HandleTask.c:                     ^
..\User\HandleTask.c(1149): warning:  #167-D: argument of type "u8 *" is incompatible with parameter of type "const char *"
..\User\HandleTask.c:           if(send_mess && power_mess && (strstr(pBuf,">") != NULL) && messflag[0]==0x01)    //停电发短信
..\User\HandleTask.c:                                                 ^
..\User\HandleTask.c(1446): warning:  #167-D: argument of type "u8 *" is incompatible with parameter of type "const char *"
..\User\HandleTask.c:                   if(strstr(pBuf,"IPOPEN:")!=NULL)
..\User\HandleTask.c:                             ^
..\User\HandleTask.c(1463): warning:  #167-D: argument of type "u8 *" is incompatible with parameter of type "const char *"
..\User\HandleTask.c:                   if(strstr(pBuf,"OK") != NULL)
..\User\HandleTask.c:                             ^
..\User\HandleTask.c: ..\User\HandleTask.c: 6 warnings, 0 errors
linking...
Program Size: Code=29460 RO-data=832 RW-data=252 ZI-data=4052  
FromELF: creating hex file...
"..\Output\Induction Heater.axf" - 0 Error(s), 6 Warning(s).
Build target 'Gateway'
compiling HandleTask.c...
..\User\HandleTask.c(1094): warning:  #167-D: argument of type "u8 *" is incompatible with parameter of type "const char *"
..\User\HandleTask.c:           if(strstr(pBuf,"OK") != NULL) 
..\User\HandleTask.c:                     ^
..\User\HandleTask.c(1099): warning:  #167-D: argument of type "u8 *" is incompatible with parameter of type "const char *"
..\User\HandleTask.c:           if(strstr(pBuf,"remote close") != NULL)
..\User\HandleTask.c:                     ^
..\User\HandleTask.c(1108): warning:  #167-D: argument of type "u8 *" is incompatible with parameter of type "const char *"
..\User\HandleTask.c:           if(strstr(pBuf,"^IPDATA")!=NULL)
..\User\HandleTask.c:                     ^
..\User\HandleTask.c(1149): warning:  #167-D: argument of type "u8 *" is incompatible with parameter of type "const char *"
..\User\HandleTask.c:           if(send_mess && power_mess && (strstr(pBuf,">") != NULL) && messflag[0]==0x01)    //停电发短信
..\User\HandleTask.c:                                                 ^
..\User\HandleTask.c(1446): warning:  #167-D: argument of type "u8 *" is incompatible with parameter of type "const char *"
..\User\HandleTask.c:                   if(strstr(pBuf,"IPOPEN:")!=NULL)
..\User\HandleTask.c:                             ^
..\User\HandleTask.c(1463): warning:  #167-D: argument of type "u8 *" is incompatible with parameter of type "const char *"
..\User\HandleTask.c:                   if(strstr(pBuf,"OK") != NULL)
..\User\HandleTask.c:                             ^
..\User\HandleTask.c: ..\User\HandleTask.c: 6 warnings, 0 errors
linking...
Program Size: Code=29460 RO-data=832 RW-data=252 ZI-data=4052  
FromELF: creating hex file...
"..\Output\Induction Heater.axf" - 0 Error(s), 6 Warning(s).
Build target 'Gateway'
compiling HandleTask.c...
..\User\HandleTask.c(1094): warning:  #167-D: argument of type "u8 *" is incompatible with parameter of type "const char *"
..\User\HandleTask.c:           if(strstr(pBuf,"OK") != NULL) 
..\User\HandleTask.c:                     ^
..\User\HandleTask.c(1099): warning:  #167-D: argument of type "u8 *" is incompatible with parameter of type "const char *"
..\User\HandleTask.c:           if(strstr(pBuf,"remote close") != NULL)
..\User\HandleTask.c:                     ^
..\User\HandleTask.c(1108): warning:  #167-D: argument of type "u8 *" is incompatible with parameter of type "const char *"
..\User\HandleTask.c:           if(strstr(pBuf,"^IPDATA")!=NULL)
..\User\HandleTask.c:                     ^
..\User\HandleTask.c(1149): warning:  #167-D: argument of type "u8 *" is incompatible with parameter of type "const char *"
..\User\HandleTask.c:           if(send_mess && power_mess && (strstr(pBuf,">") != NULL) && messflag[0]==0x01)    //停电发短信
..\User\HandleTask.c:                                                 ^
..\User\HandleTask.c(1446): warning:  #167-D: argument of type "u8 *" is incompatible with parameter of type "const char *"
..\User\HandleTask.c:                   if(strstr(pBuf,"IPOPEN:")!=NULL)
..\User\HandleTask.c:                             ^
..\User\HandleTask.c(1463): warning:  #167-D: argument of type "u8 *" is incompatible with parameter of type "const char *"
..\User\HandleTask.c:                   if(strstr(pBuf,"OK") != NULL)
..\User\HandleTask.c:                             ^
..\User\HandleTask.c: ..\User\HandleTask.c: 6 warnings, 0 errors
linking...
Program Size: Code=29460 RO-data=832 RW-data=252 ZI-data=4052  
FromELF: creating hex file...
"..\Output\Induction Heater.axf" - 0 Error(s), 6 Warning(s).
Build target 'Gateway'
compiling HandleTask.c...
..\User\HandleTask.c(1094): warning:  #167-D: argument of type "u8 *" is incompatible with parameter of type "const char *"
..\User\HandleTask.c:           if(strstr(pBuf,"OK") != NULL) 
..\User\HandleTask.c:                     ^
..\User\HandleTask.c(1099): warning:  #167-D: argument of type "u8 *" is incompatible with parameter of type "const char *"
..\User\HandleTask.c:           if(strstr(pBuf,"remote close") != NULL)
..\User\HandleTask.c:                     ^
..\User\HandleTask.c(1108): warning:  #167-D: argument of type "u8 *" is incompatible with parameter of type "const char *"
..\User\HandleTask.c:           if(strstr(pBuf,"^IPDATA")!=NULL)
..\User\HandleTask.c:                     ^
..\User\HandleTask.c(1149): warning:  #167-D: argument of type "u8 *" is incompatible with parameter of type "const char *"
..\User\HandleTask.c:           if(send_mess && power_mess && (strstr(pBuf,">") != NULL) && messflag[0]==0x01)    //停电发短信
..\User\HandleTask.c:                                                 ^
..\User\HandleTask.c(1446): warning:  #167-D: argument of type "u8 *" is incompatible with parameter of type "const char *"
..\User\HandleTask.c:                   if(strstr(pBuf,"IPOPEN:")!=NULL)
..\User\HandleTask.c:                             ^
..\User\HandleTask.c(1463): warning:  #167-D: argument of type "u8 *" is incompatible with parameter of type "const char *"
..\User\HandleTask.c:                   if(strstr(pBuf,"OK") != NULL)
..\User\HandleTask.c:                             ^
..\User\HandleTask.c: ..\User\HandleTask.c: 6 warnings, 0 errors
linking...
Program Size: Code=29476 RO-data=832 RW-data=252 ZI-data=4052  
FromELF: creating hex file...
"..\Output\Induction Heater.axf" - 0 Error(s), 6 Warning(s).
Build target 'Gateway'
compiling HandleTask.c...
..\User\HandleTask.c(1094): warning:  #167-D: argument of type "u8 *" is incompatible with parameter of type "const char *"
..\User\HandleTask.c:           if(strstr(pBuf,"OK") != NULL) 
..\User\HandleTask.c:                     ^
..\User\HandleTask.c(1099): warning:  #167-D: argument of type "u8 *" is incompatible with parameter of type "const char *"
..\User\HandleTask.c:           if(strstr(pBuf,"remote close") != NULL)
..\User\HandleTask.c:                     ^
..\User\HandleTask.c(1108): warning:  #167-D: argument of type "u8 *" is incompatible with parameter of type "const char *"
..\User\HandleTask.c:           if(strstr(pBuf,"^IPDATA")!=NULL)
..\User\HandleTask.c:                     ^
..\User\HandleTask.c(1149): warning:  #167-D: argument of type "u8 *" is incompatible with parameter of type "const char *"
..\User\HandleTask.c:           if(send_mess && power_mess && (strstr(pBuf,">") != NULL) && messflag[0]==0x01)    //停电发短信
..\User\HandleTask.c:                                                 ^
..\User\HandleTask.c(1446): warning:  #167-D: argument of type "u8 *" is incompatible with parameter of type "const char *"
..\User\HandleTask.c:                   if(strstr(pBuf,"IPOPEN:")!=NULL)
..\User\HandleTask.c:                             ^
..\User\HandleTask.c(1463): warning:  #167-D: argument of type "u8 *" is incompatible with parameter of type "const char *"
..\User\HandleTask.c:                   if(strstr(pBuf,"OK") != NULL)
..\User\HandleTask.c:                             ^
..\User\HandleTask.c: ..\User\HandleTask.c: 6 warnings, 0 errors
linking...
Program Size: Code=29460 RO-data=832 RW-data=252 ZI-data=4052  
FromELF: creating hex file...
"..\Output\Induction Heater.axf" - 0 Error(s), 6 Warning(s).
Build target 'Gateway'
linking...
Program Size: Code=29460 RO-data=832 RW-data=252 ZI-data=4052  
FromELF: creating hex file...
"..\Output\Induction Heater.axf" - 0 Error(s), 0 Warning(s).
